[2019-12-24T11:41:44.885-0300][0.005s] Using Concurrent Mark Sweep
[2019-12-24T11:41:44.885-0300][0.005s] Heap address: 0x00000000e0000000, size: 512 MB, Compressed Oops mode: 32-bit
[2019-12-24T11:41:46.276-0300][1,396s] GC(0) Pause Young (Allocation Failure)
[2019-12-24T11:41:46.276-0300][1,396s] GC(0) Using 4 workers of 4 for evacuation
[2019-12-24T11:41:46.287-0300][1,407s] GC(0) ParNew: 87424K->9546K(109248K)
[2019-12-24T11:41:46.287-0300][1,407s] GC(0) CMS: 0K->0K(393216K)
[2019-12-24T11:41:46.287-0300][1,407s] GC(0) Metaspace: 14108K->14108K(1062912K)
[2019-12-24T11:41:46.287-0300][1,407s] GC(0) Pause Young (Allocation Failure) 85M->9M(490M) 10,942ms
[2019-12-24T11:41:46.287-0300][1,407s] GC(0) User=0,03s Sys=0,01s Real=0,01s
[2019-12-24T11:41:47.286-0300][2,405s] GC(1) Pause Young (Allocation Failure)
[2019-12-24T11:41:47.286-0300][2,405s] GC(1) Using 4 workers of 4 for evacuation
[2019-12-24T11:41:47.303-0300][2,423s] GC(1) ParNew: 96970K->14294K(109248K)
[2019-12-24T11:41:47.303-0300][2,423s] GC(1) CMS: 0K->0K(393216K)
[2019-12-24T11:41:47.303-0300][2,423s] GC(1) Metaspace: 21937K->21937K(1069056K)
[2019-12-24T11:41:47.303-0300][2,423s] GC(1) Pause Young (Allocation Failure) 94M->13M(490M) 17,805ms
[2019-12-24T11:41:47.303-0300][2,423s] GC(1) User=0,06s Sys=0,01s Real=0,01s
[2019-12-24T11:41:47.304-0300][2,423s] GC(2) Pause Initial Mark
[2019-12-24T11:41:47.306-0300][2,426s] GC(2) Pause Initial Mark 15M->15M(490M) 2,707ms
[2019-12-24T11:41:47.306-0300][2,426s] GC(2) User=0,01s Sys=0,00s Real=0,01s
[2019-12-24T11:41:47.306-0300][2,426s] GC(2) Concurrent Mark
[2019-12-24T11:41:47.308-0300][2,427s] GC(2) Using 4 workers of 4 for marking
[2019-12-24T11:41:47.308-0300][2,427s] GC(2) Concurrent Mark 1,480ms
[2019-12-24T11:41:47.308-0300][2,427s] GC(2) User=0,00s Sys=0,00s Real=0,00s
[2019-12-24T11:41:47.308-0300][2,428s] GC(2) Concurrent Preclean
[2019-12-24T11:41:47.309-0300][2,428s] GC(2) Concurrent Preclean 0,888ms
[2019-12-24T11:41:47.309-0300][2,428s] GC(2) User=0,00s Sys=0,00s Real=0,00s
[2019-12-24T11:41:47.309-0300][2,429s] GC(2) Concurrent Abortable Preclean
[2019-12-24T11:41:47.963-0300][3,083s] GC(2) Concurrent Abortable Preclean 653,944ms
[2019-12-24T11:41:47.963-0300][3,083s] GC(2) User=1,49s Sys=0,04s Real=0,65s
[2019-12-24T11:41:47.963-0300][3,083s] GC(2) Pause Remark
[2019-12-24T11:41:47.963-0300][3,083s] GC(3) Pause Young (CMS Final Remark)
[2019-12-24T11:41:47.963-0300][3,083s] GC(3) Using 4 workers of 4 for evacuation
[2019-12-24T11:41:47.995-0300][3,114s] GC(3) ParNew: 59144K->18263K(109248K)
[2019-12-24T11:41:47.995-0300][3,114s] GC(3) CMS: 0K->0K(393216K)
[2019-12-24T11:41:47.995-0300][3,114s] GC(3) Metaspace: 25457K->25457K(1073152K)
[2019-12-24T11:41:47.995-0300][3,114s] GC(3) Pause Young (CMS Final Remark) 57M->17M(490M) 31,413ms
[2019-12-24T11:41:47.995-0300][3,114s] GC(3) User=0,07s Sys=0,00s Real=0,04s
[2019-12-24T11:41:48.006-0300][3,125s] GC(2) Pause Remark 57M->17M(490M) 42,885ms
[2019-12-24T11:41:48.006-0300][3,126s] GC(2) User=0,09s Sys=0,00s Real=0,05s
[2019-12-24T11:41:48.006-0300][3,126s] GC(2) Concurrent Sweep
[2019-12-24T11:41:48.006-0300][3,126s] GC(2) Concurrent Sweep 0,031ms
[2019-12-24T11:41:48.006-0300][3,126s] GC(2) User=0,00s Sys=0,00s Real=0,00s
[2019-12-24T11:41:48.006-0300][3,126s] GC(2) Concurrent Reset
[2019-12-24T11:41:48.018-0300][3,138s] GC(2) Concurrent Reset 12,022ms
[2019-12-24T11:41:48.018-0300][3,138s] GC(2) User=0,02s Sys=0,00s Real=0,01s
[2019-12-24T11:41:48.018-0300][3,138s] GC(2) Old: 0K->0K(393216K)
[2019-12-24T11:41:48.594-0300][3,713s] GC(4) Pause Young (Allocation Failure)
[2019-12-24T11:41:48.594-0300][3,714s] GC(4) Using 4 workers of 4 for evacuation
[2019-12-24T11:41:48.610-0300][3,730s] GC(4) ParNew: 105682K->19200K(109248K)
[2019-12-24T11:41:48.610-0300][3,730s] GC(4) CMS: 0K->0K(393216K)
[2019-12-24T11:41:48.610-0300][3,730s] GC(4) Metaspace: 29339K->29339K(1075200K)
[2019-12-24T11:41:48.610-0300][3,730s] GC(4) Pause Young (Allocation Failure) 103M->18M(490M) 16,163ms
[2019-12-24T11:41:48.610-0300][3,730s] GC(4) User=0,05s Sys=0,00s Real=0,01s
[2019-12-24T11:41:48.982-0300][4,102s] GC(5) Pause Young (Allocation Failure)
[2019-12-24T11:41:48.982-0300][4,102s] GC(5) Using 4 workers of 4 for evacuation
[2019-12-24T11:41:49.017-0300][4,137s] GC(5) ParNew: 106624K->21824K(109248K)
[2019-12-24T11:41:49.017-0300][4,137s] GC(5) CMS: 0K->0K(393216K)
[2019-12-24T11:41:49.017-0300][4,137s] GC(5) Metaspace: 29730K->29730K(1077248K)
[2019-12-24T11:41:49.017-0300][4,137s] GC(5) Pause Young (Allocation Failure) 104M->21M(490M) 35,348ms
[2019-12-24T11:41:49.018-0300][4,137s] GC(5) User=0,06s Sys=0,00s Real=0,04s
[2019-12-24T11:41:50.634-0300][5,754s] GC(6) Pause Young (Allocation Failure)
[2019-12-24T11:41:50.634-0300][5,754s] GC(6) Using 4 workers of 4 for evacuation
[2019-12-24T11:41:50.676-0300][5,795s] GC(6) ParNew: 109248K->21824K(109248K)
[2019-12-24T11:41:50.676-0300][5,795s] GC(6) CMS: 0K->385K(393216K)
[2019-12-24T11:41:50.676-0300][5,795s] GC(6) Metaspace: 33428K->33428K(1079296K)
[2019-12-24T11:41:50.676-0300][5,795s] GC(6) Pause Young (Allocation Failure) 106M->21M(490M) 41,507ms
[2019-12-24T11:41:50.676-0300][5,795s] GC(6) User=0,08s Sys=0,01s Real=0,04s
[2019-12-24T11:41:52.015-0300][7,135s] GC(7) Pause Young (Allocation Failure)
[2019-12-24T11:41:52.015-0300][7,135s] GC(7) Using 4 workers of 4 for evacuation
[2019-12-24T11:41:52.069-0300][7,189s] GC(7) ParNew: 109248K->21824K(109248K)
[2019-12-24T11:41:52.069-0300][7,189s] GC(7) CMS: 385K->1823K(393216K)
[2019-12-24T11:41:52.069-0300][7,189s] GC(7) Metaspace: 38436K->38436K(1083392K)
[2019-12-24T11:41:52.070-0300][7,189s] GC(7) Pause Young (Allocation Failure) 107M->23M(490M) 54,333ms
[2019-12-24T11:41:52.070-0300][7,189s] GC(7) User=0,08s Sys=0,01s Real=0,05s
[2019-12-24T11:45:15.931-0300][211,050s] GC(8) Pause Young (Allocation Failure)
[2019-12-24T11:45:15.931-0300][211,050s] GC(8) Using 4 workers of 4 for evacuation
[2019-12-24T11:45:15.963-0300][211,083s] GC(8) ParNew: 109248K->21824K(109248K)
[2019-12-24T11:45:15.963-0300][211,083s] GC(8) CMS: 1823K->10666K(393216K)
[2019-12-24T11:45:15.963-0300][211,083s] GC(8) Metaspace: 44436K->44436K(1089536K)
[2019-12-24T11:45:15.963-0300][211,083s] GC(8) Pause Young (Allocation Failure) 108M->31M(490M) 32,497ms
[2019-12-24T11:45:15.963-0300][211,083s] GC(8) User=0,10s Sys=0,01s Real=0,03s
[2019-12-24T11:45:15.972-0300][211,092s] GC(9) Pause Initial Mark
[2019-12-24T11:45:15.978-0300][211,098s] GC(9) Pause Initial Mark 41M->41M(490M) 5,915ms
[2019-12-24T11:45:15.978-0300][211,098s] GC(9) User=0,02s Sys=0,00s Real=0,00s
[2019-12-24T11:45:15.978-0300][211,098s] GC(9) Concurrent Mark
[2019-12-24T11:45:15.978-0300][211,098s] GC(9) Using 4 workers of 4 for marking
[2019-12-24T11:45:15.991-0300][211,111s] GC(9) Concurrent Mark 12,952ms
[2019-12-24T11:45:15.991-0300][211,111s] GC(9) User=0,05s Sys=0,00s Real=0,01s
[2019-12-24T11:45:15.991-0300][211,111s] GC(9) Concurrent Preclean
[2019-12-24T11:45:15.993-0300][211,112s] GC(9) Concurrent Preclean 1,291ms
[2019-12-24T11:45:15.993-0300][211,112s] GC(9) User=0,01s Sys=0,00s Real=0,01s
[2019-12-24T11:45:15.993-0300][211,112s] GC(9) Concurrent Abortable Preclean
[2019-12-24T11:45:16.052-0300][211,171s] GC(10) Pause Young (Allocation Failure)
[2019-12-24T11:45:16.052-0300][211,171s] GC(10) Using 4 workers of 4 for evacuation
[2019-12-24T11:45:16.069-0300][211,189s] GC(10) ParNew: 109248K->21824K(109248K)
[2019-12-24T11:45:16.069-0300][211,189s] GC(10) CMS: 10666K->11307K(393216K)
[2019-12-24T11:45:16.069-0300][211,189s] GC(10) Metaspace: 44461K->44461K(1089536K)
[2019-12-24T11:45:16.069-0300][211,189s] GC(10) Pause Young (Allocation Failure) 117M->32M(490M) 17,870ms
[2019-12-24T11:45:16.070-0300][211,189s] GC(10) User=0,07s Sys=0,00s Real=0,02s
[2019-12-24T11:45:16.161-0300][211,280s] GC(9) Concurrent Abortable Preclean 168,173ms
[2019-12-24T11:45:16.161-0300][211,280s] GC(9) User=0,54s Sys=0,00s Real=0,16s
[2019-12-24T11:45:16.161-0300][211,280s] GC(9) Pause Remark
[2019-12-24T11:45:16.161-0300][211,280s] GC(11) Pause Young (CMS Final Remark)
[2019-12-24T11:45:16.161-0300][211,280s] GC(11) Using 4 workers of 4 for evacuation
[2019-12-24T11:45:16.176-0300][211,295s] GC(11) ParNew: 72151K->21678K(109248K)
[2019-12-24T11:45:16.176-0300][211,295s] GC(11) CMS: 11307K->13486K(393216K)
[2019-12-24T11:45:16.176-0300][211,295s] GC(11) Metaspace: 44502K->44502K(1089536K)
[2019-12-24T11:45:16.176-0300][211,295s] GC(11) Pause Young (CMS Final Remark) 81M->34M(490M) 14,669ms
[2019-12-24T11:45:16.176-0300][211,295s] GC(11) User=0,06s Sys=0,00s Real=0,02s
[2019-12-24T11:45:16.187-0300][211,307s] GC(9) Pause Remark 81M->34M(490M) 26,425ms
[2019-12-24T11:45:16.187-0300][211,307s] GC(9) User=0,09s Sys=0,00s Real=0,03s
[2019-12-24T11:45:16.187-0300][211,307s] GC(9) Concurrent Sweep
[2019-12-24T11:45:16.194-0300][211,313s] GC(9) Concurrent Sweep 6,158ms
[2019-12-24T11:45:16.194-0300][211,313s] GC(9) User=0,02s Sys=0,00s Real=0,01s
[2019-12-24T11:45:16.194-0300][211,313s] GC(9) Concurrent Reset
[2019-12-24T11:45:16.194-0300][211,314s] GC(9) Concurrent Reset 0,429ms
[2019-12-24T11:45:16.194-0300][211,314s] GC(9) User=0,00s Sys=0,00s Real=0,00s
[2019-12-24T11:45:16.194-0300][211,314s] GC(9) Old: 10666K->13479K(393216K)
[2019-12-24T11:49:41.838-0300][476,957s] GC(12) Pause Young (Allocation Failure)
[2019-12-24T11:49:41.838-0300][476,957s] GC(12) Using 4 workers of 4 for evacuation
[2019-12-24T11:49:41.859-0300][476,979s] GC(12) ParNew: 109102K->20206K(109248K)
[2019-12-24T11:49:41.859-0300][476,979s] GC(12) CMS: 13479K->14300K(393216K)
[2019-12-24T11:49:41.859-0300][476,979s] GC(12) Metaspace: 46121K->46121K(1091584K)
[2019-12-24T11:49:41.859-0300][476,979s] GC(12) Pause Young (Allocation Failure) 119M->33M(490M) 21,284ms
[2019-12-24T11:49:41.859-0300][476,979s] GC(12) User=0,07s Sys=0,00s Real=0,02s
[2019-12-24T11:49:41.938-0300][477,057s] GC(13) Pause Young (Allocation Failure)
[2019-12-24T11:49:41.938-0300][477,057s] GC(13) Using 4 workers of 4 for evacuation
[2019-12-24T11:49:41.963-0300][477,082s] GC(13) ParNew: 107630K->21824K(109248K)
[2019-12-24T11:49:41.963-0300][477,082s] GC(13) CMS: 14300K->15551K(393216K)
[2019-12-24T11:49:41.963-0300][477,082s] GC(13) Metaspace: 46138K->46138K(1091584K)
[2019-12-24T11:49:41.963-0300][477,082s] GC(13) Pause Young (Allocation Failure) 119M->36M(490M) 24,956ms
[2019-12-24T11:49:41.963-0300][477,082s] GC(13) User=0,09s Sys=0,00s Real=0,02s
[2019-12-24T11:49:50.257-0300][485,376s] GC(14) Pause Young (Allocation Failure)
[2019-12-24T11:49:50.257-0300][485,376s] GC(14) Using 4 workers of 4 for evacuation
[2019-12-24T11:49:50.310-0300][485,429s] GC(14) ParNew: 109247K->21824K(109248K)
[2019-12-24T11:49:50.310-0300][485,429s] GC(14) CMS: 15551K->19921K(393216K)
[2019-12-24T11:49:50.310-0300][485,429s] GC(14) Metaspace: 46864K->46864K(1091584K)
[2019-12-24T11:49:50.310-0300][485,429s] GC(14) Pause Young (Allocation Failure) 121M->40M(490M) 53,077ms
[2019-12-24T11:49:50.310-0300][485,429s] GC(14) User=0,08s Sys=0,00s Real=0,05s
[2019-12-24T11:49:52.522-0300][487,642s] GC(15) Pause Young (Allocation Failure)
[2019-12-24T11:49:52.522-0300][487,642s] GC(15) Using 4 workers of 4 for evacuation
[2019-12-24T11:49:52.608-0300][487,728s] GC(15) ParNew: 109248K->21824K(109248K)
[2019-12-24T11:49:52.608-0300][487,728s] GC(15) CMS: 19921K->49816K(393216K)
[2019-12-24T11:49:52.608-0300][487,728s] GC(15) Metaspace: 47919K->47919K(1093632K)
[2019-12-24T11:49:52.608-0300][487,728s] GC(15) Pause Young (Allocation Failure) 126M->69M(490M) 85,927ms
[2019-12-24T11:49:52.608-0300][487,728s] GC(15) User=0,14s Sys=0,00s Real=0,09s
[2019-12-24T11:50:05.109-0300][500,229s] GC(16) Pause Young (Allocation Failure)
[2019-12-24T11:50:05.109-0300][500,229s] GC(16) Using 4 workers of 4 for evacuation
[2019-12-24T11:50:05.143-0300][500,262s] GC(16) ParNew: 109248K->21824K(109248K)
[2019-12-24T11:50:05.143-0300][500,262s] GC(16) CMS: 49816K->57740K(393216K)
[2019-12-24T11:50:05.143-0300][500,262s] GC(16) Metaspace: 48377K->48377K(1093632K)
[2019-12-24T11:50:05.143-0300][500,262s] GC(16) Pause Young (Allocation Failure) 155M->77M(490M) 33,398ms
[2019-12-24T11:50:05.143-0300][500,262s] GC(16) User=0,06s Sys=0,00s Real=0,03s
[2019-12-24T11:50:05.554-0300][500,674s] GC(17) Pause Young (Allocation Failure)
[2019-12-24T11:50:05.554-0300][500,674s] GC(17) Using 4 workers of 4 for evacuation
[2019-12-24T11:50:05.574-0300][500,693s] GC(17) ParNew: 108767K->21824K(109248K)
[2019-12-24T11:50:05.574-0300][500,693s] GC(17) CMS: 57740K->62242K(393216K)
[2019-12-24T11:50:05.574-0300][500,693s] GC(17) Metaspace: 48981K->48981K(1093632K)
[2019-12-24T11:50:05.574-0300][500,693s] GC(17) Pause Young (Allocation Failure) 162M->82M(490M) 19,498ms
[2019-12-24T11:50:05.574-0300][500,693s] GC(17) User=0,04s Sys=0,00s Real=0,02s
[2019-12-24T11:50:05.786-0300][500,906s] GC(18) Pause Young (Allocation Failure)
[2019-12-24T11:50:05.786-0300][500,906s] GC(18) Using 4 workers of 4 for evacuation
[2019-12-24T11:50:05.799-0300][500,919s] GC(18) ParNew: 109248K->11456K(109248K)
[2019-12-24T11:50:05.799-0300][500,919s] GC(18) CMS: 62242K->72319K(393216K)
[2019-12-24T11:50:05.799-0300][500,919s] GC(18) Metaspace: 49044K->49044K(1093632K)
[2019-12-24T11:50:05.799-0300][500,919s] GC(18) Pause Young (Allocation Failure) 167M->81M(490M) 13,213ms
[2019-12-24T11:50:05.799-0300][500,919s] GC(18) User=0,04s Sys=0,00s Real=0,01s
[2019-12-24T11:53:31.272-0300][706,392s] Heap
[2019-12-24T11:53:31.272-0300][706,392s]  par new generation   total 109248K, used 38048K [0x00000000e0000000, 0x00000000e8000000, 0x00000000e8000000)
[2019-12-24T11:53:31.272-0300][706,392s]   eden space 87424K,  30% used [0x00000000e0000000, 0x00000000e19f80c0, 0x00000000e5560000)
[2019-12-24T11:53:31.272-0300][706,392s]   from space 21824K,  52% used [0x00000000e6ab0000, 0x00000000e75e0160, 0x00000000e8000000)
[2019-12-24T11:53:31.272-0300][706,392s]   to   space 21824K,   0% used [0x00000000e5560000, 0x00000000e5560000, 0x00000000e6ab0000)
[2019-12-24T11:53:31.272-0300][706,392s]  concurrent mark-sweep generation total 393216K, used 72319K [0x00000000e8000000, 0x0000000100000000, 0x0000000100000000)
[2019-12-24T11:53:31.272-0300][706,392s]  Metaspace       used 49268K, capacity 50542K, committed 50824K, reserved 1093632K
[2019-12-24T11:53:31.272-0300][706,392s]   class space    used 5692K, capacity 6191K, committed 6296K, reserved 1048576K
