[2019-12-24T11:23:47.496-0300][0.006s] Using Concurrent Mark Sweep
[2019-12-24T11:23:47.496-0300][0.006s] Heap address: 0x00000000e0000000, size: 512 MB, Compressed Oops mode: 32-bit
[2019-12-24T11:23:49.063-0300][1,574s] GC(0) Pause Young (Allocation Failure)
[2019-12-24T11:23:49.064-0300][1,575s] GC(0) Using 4 workers of 4 for evacuation
[2019-12-24T11:23:49.075-0300][1,586s] GC(0) ParNew: 87424K->9548K(109248K)
[2019-12-24T11:23:49.075-0300][1,586s] GC(0) CMS: 0K->0K(393216K)
[2019-12-24T11:23:49.075-0300][1,586s] GC(0) Metaspace: 14148K->14148K(1062912K)
[2019-12-24T11:23:49.075-0300][1,586s] GC(0) Pause Young (Allocation Failure) 85M->9M(490M) 12,391ms
[2019-12-24T11:23:49.075-0300][1,586s] GC(0) User=0,03s Sys=0,00s Real=0,02s
[2019-12-24T11:23:50.247-0300][2,757s] GC(1) Pause Young (Allocation Failure)
[2019-12-24T11:23:50.247-0300][2,757s] GC(1) Using 4 workers of 4 for evacuation
[2019-12-24T11:23:50.271-0300][2,782s] GC(1) ParNew: 96972K->14422K(109248K)
[2019-12-24T11:23:50.271-0300][2,782s] GC(1) CMS: 0K->0K(393216K)
[2019-12-24T11:23:50.271-0300][2,782s] GC(1) Metaspace: 22094K->22094K(1069056K)
[2019-12-24T11:23:50.271-0300][2,782s] GC(1) Pause Young (Allocation Failure) 94M->14M(490M) 24,436ms
[2019-12-24T11:23:50.271-0300][2,782s] GC(1) User=0,06s Sys=0,00s Real=0,02s
[2019-12-24T11:23:50.273-0300][2,784s] GC(2) Pause Initial Mark
[2019-12-24T11:23:50.279-0300][2,789s] GC(2) Pause Initial Mark 16M->16M(490M) 5,341ms
[2019-12-24T11:23:50.279-0300][2,789s] GC(2) User=0,01s Sys=0,00s Real=0,00s
[2019-12-24T11:23:50.279-0300][2,789s] GC(2) Concurrent Mark
[2019-12-24T11:23:50.288-0300][2,798s] GC(2) Using 4 workers of 4 for marking
[2019-12-24T11:23:50.294-0300][2,805s] GC(2) Concurrent Mark 15,152ms
[2019-12-24T11:23:50.294-0300][2,805s] GC(2) User=0,02s Sys=0,00s Real=0,02s
[2019-12-24T11:23:50.294-0300][2,805s] GC(2) Concurrent Preclean
[2019-12-24T11:23:50.295-0300][2,806s] GC(2) Concurrent Preclean 1,129ms
[2019-12-24T11:23:50.295-0300][2,806s] GC(2) User=0,01s Sys=0,00s Real=0,00s
[2019-12-24T11:23:50.295-0300][2,806s] GC(2) Concurrent Abortable Preclean
[2019-12-24T11:23:50.898-0300][3,409s] GC(2) Concurrent Abortable Preclean 602,694ms
[2019-12-24T11:23:50.898-0300][3,409s] GC(2) User=1,37s Sys=0,05s Real=0,60s
[2019-12-24T11:23:50.901-0300][3,412s] GC(2) Pause Remark
[2019-12-24T11:23:50.901-0300][3,412s] GC(3) Pause Young (CMS Final Remark)
[2019-12-24T11:23:50.901-0300][3,412s] GC(3) Using 4 workers of 4 for evacuation
[2019-12-24T11:23:50.918-0300][3,429s] GC(3) ParNew: 60314K->15168K(109248K)
[2019-12-24T11:23:50.918-0300][3,429s] GC(3) CMS: 0K->0K(393216K)
[2019-12-24T11:23:50.918-0300][3,429s] GC(3) Metaspace: 25803K->25803K(1073152K)
[2019-12-24T11:23:50.918-0300][3,429s] GC(3) Pause Young (CMS Final Remark) 58M->14M(490M) 16,583ms
[2019-12-24T11:23:50.918-0300][3,429s] GC(3) User=0,07s Sys=0,00s Real=0,02s
[2019-12-24T11:23:50.925-0300][3,436s] GC(2) Pause Remark 58M->14M(490M) 24,081ms
[2019-12-24T11:23:50.925-0300][3,436s] GC(2) User=0,09s Sys=0,00s Real=0,03s
[2019-12-24T11:23:50.926-0300][3,436s] GC(2) Concurrent Sweep
[2019-12-24T11:23:50.926-0300][3,436s] GC(2) Concurrent Sweep 0,023ms
[2019-12-24T11:23:50.926-0300][3,436s] GC(2) User=0,00s Sys=0,00s Real=0,00s
[2019-12-24T11:23:50.926-0300][3,436s] GC(2) Concurrent Reset
[2019-12-24T11:23:50.931-0300][3,442s] GC(2) Concurrent Reset 5,771ms
[2019-12-24T11:23:50.931-0300][3,442s] GC(2) User=0,01s Sys=0,00s Real=0,00s
[2019-12-24T11:23:50.931-0300][3,442s] GC(2) Old: 0K->0K(393216K)
[2019-12-24T11:23:51.455-0300][3,965s] GC(4) Pause Young (Allocation Failure)
[2019-12-24T11:23:51.455-0300][3,965s] GC(4) Using 4 workers of 4 for evacuation
[2019-12-24T11:23:51.473-0300][3,984s] GC(4) ParNew: 102592K->21824K(109248K)
[2019-12-24T11:23:51.473-0300][3,984s] GC(4) CMS: 0K->0K(393216K)
[2019-12-24T11:23:51.473-0300][3,984s] GC(4) Metaspace: 29418K->29418K(1075200K)
[2019-12-24T11:23:51.473-0300][3,984s] GC(4) Pause Young (Allocation Failure) 100M->21M(490M) 18,397ms
[2019-12-24T11:23:51.473-0300][3,984s] GC(4) User=0,06s Sys=0,00s Real=0,02s
[2019-12-24T11:23:51.674-0300][4,185s] GC(5) Pause Young (Allocation Failure)
[2019-12-24T11:23:51.674-0300][4,185s] GC(5) Using 4 workers of 4 for evacuation
[2019-12-24T11:23:51.687-0300][4,198s] GC(5) ParNew: 109226K->20323K(109248K)
[2019-12-24T11:23:51.687-0300][4,198s] GC(5) CMS: 0K->0K(393216K)
[2019-12-24T11:23:51.687-0300][4,198s] GC(5) Metaspace: 29812K->29812K(1077248K)
[2019-12-24T11:23:51.687-0300][4,198s] GC(5) Pause Young (Allocation Failure) 106M->19M(490M) 13,122ms
[2019-12-24T11:23:51.687-0300][4,198s] GC(5) User=0,04s Sys=0,00s Real=0,01s
[2019-12-24T11:23:52.499-0300][5,010s] GC(6) Pause Young (Allocation Failure)
[2019-12-24T11:23:52.499-0300][5,010s] GC(6) Using 4 workers of 4 for evacuation
[2019-12-24T11:23:52.515-0300][5,026s] GC(6) ParNew: 107747K->21824K(109248K)
[2019-12-24T11:23:52.515-0300][5,026s] GC(6) CMS: 0K->292K(393216K)
[2019-12-24T11:23:52.515-0300][5,026s] GC(6) Metaspace: 33585K->33585K(1079296K)
[2019-12-24T11:23:52.515-0300][5,026s] GC(6) Pause Young (Allocation Failure) 105M->21M(490M) 16,205ms
[2019-12-24T11:23:52.515-0300][5,026s] GC(6) User=0,06s Sys=0,00s Real=0,02s
[2019-12-24T11:23:53.429-0300][5,939s] GC(7) Pause Young (Allocation Failure)
[2019-12-24T11:23:53.429-0300][5,939s] GC(7) Using 4 workers of 4 for evacuation
[2019-12-24T11:23:53.464-0300][5,974s] GC(7) ParNew: 109248K->21824K(109248K)
[2019-12-24T11:23:53.464-0300][5,974s] GC(7) CMS: 292K->1323K(393216K)
[2019-12-24T11:23:53.464-0300][5,974s] GC(7) Metaspace: 38606K->38606K(1083392K)
[2019-12-24T11:23:53.464-0300][5,974s] GC(7) Pause Young (Allocation Failure) 106M->22M(490M) 35,060ms
[2019-12-24T11:23:53.464-0300][5,974s] GC(7) User=0,10s Sys=0,00s Real=0,03s
[2019-12-24T11:27:25.385-0300][217,896s] GC(8) Pause Initial Mark
[2019-12-24T11:27:25.399-0300][217,909s] GC(8) Pause Initial Mark 70M->70M(490M) 13,359ms
[2019-12-24T11:27:25.399-0300][217,909s] GC(8) User=0,04s Sys=0,00s Real=0,01s
[2019-12-24T11:27:25.399-0300][217,909s] GC(8) Concurrent Mark
[2019-12-24T11:27:25.399-0300][217,909s] GC(8) Using 4 workers of 4 for marking
[2019-12-24T11:27:25.403-0300][217,914s] GC(8) Concurrent Mark 4,283ms
[2019-12-24T11:27:25.403-0300][217,914s] GC(8) User=0,01s Sys=0,00s Real=0,00s
[2019-12-24T11:27:25.403-0300][217,914s] GC(8) Concurrent Preclean
[2019-12-24T11:27:25.405-0300][217,915s] GC(8) Concurrent Preclean 1,471ms
[2019-12-24T11:27:25.405-0300][217,915s] GC(8) User=0,01s Sys=0,00s Real=0,01s
[2019-12-24T11:27:25.405-0300][217,915s] GC(8) Concurrent Abortable Preclean
[2019-12-24T11:27:25.555-0300][218,065s] GC(9) Pause Young (Allocation Failure)
[2019-12-24T11:27:25.555-0300][218,065s] GC(9) Using 4 workers of 4 for evacuation
[2019-12-24T11:27:25.596-0300][218,107s] GC(9) ParNew: 109248K->21824K(109248K)
[2019-12-24T11:27:25.596-0300][218,107s] GC(9) CMS: 1323K->11379K(393216K)
[2019-12-24T11:27:25.596-0300][218,107s] GC(9) Metaspace: 44460K->44460K(1089536K)
[2019-12-24T11:27:25.596-0300][218,107s] GC(9) Pause Young (Allocation Failure) 107M->32M(490M) 41,322ms
[2019-12-24T11:27:25.596-0300][218,107s] GC(9) User=0,12s Sys=0,01s Real=0,04s
[2019-12-24T11:27:25.664-0300][218,175s] GC(10) Pause Young (Allocation Failure)
[2019-12-24T11:27:25.664-0300][218,175s] GC(10) Using 4 workers of 4 for evacuation
[2019-12-24T11:27:25.689-0300][218,200s] GC(10) ParNew: 109248K->21824K(109248K)
[2019-12-24T11:27:25.689-0300][218,200s] GC(10) CMS: 11379K->12261K(393216K)
[2019-12-24T11:27:25.689-0300][218,200s] GC(10) Metaspace: 44482K->44482K(1089536K)
[2019-12-24T11:27:25.689-0300][218,200s] GC(10) Pause Young (Allocation Failure) 117M->33M(490M) 25,386ms
[2019-12-24T11:27:25.689-0300][218,200s] GC(10) User=0,08s Sys=0,01s Real=0,03s
[2019-12-24T11:27:25.694-0300][218,205s] GC(8) Concurrent Abortable Preclean 289,247ms
[2019-12-24T11:27:25.694-0300][218,205s] GC(8) User=0,91s Sys=0,03s Real=0,29s
[2019-12-24T11:27:25.695-0300][218,205s] GC(8) Pause Remark
[2019-12-24T11:27:25.695-0300][218,205s] GC(11) Pause Young (CMS Final Remark)
[2019-12-24T11:27:25.695-0300][218,205s] GC(11) Using 4 workers of 4 for evacuation
[2019-12-24T11:27:25.714-0300][218,224s] GC(11) ParNew: 24248K->16475K(109248K)
[2019-12-24T11:27:25.714-0300][218,224s] GC(11) CMS: 12261K->14672K(393216K)
[2019-12-24T11:27:25.714-0300][218,224s] GC(11) Metaspace: 44482K->44482K(1089536K)
[2019-12-24T11:27:25.714-0300][218,224s] GC(11) Pause Young (CMS Final Remark) 35M->30M(490M) 18,884ms
[2019-12-24T11:27:25.714-0300][218,224s] GC(11) User=0,06s Sys=0,00s Real=0,02s
[2019-12-24T11:27:25.727-0300][218,238s] GC(8) Pause Remark 35M->30M(490M) 32,729ms
[2019-12-24T11:27:25.727-0300][218,238s] GC(8) User=0,09s Sys=0,00s Real=0,03s
[2019-12-24T11:27:25.728-0300][218,238s] GC(8) Concurrent Sweep
[2019-12-24T11:27:25.735-0300][218,245s] GC(8) Concurrent Sweep 7,078ms
[2019-12-24T11:27:25.735-0300][218,245s] GC(8) User=0,03s Sys=0,00s Real=0,01s
[2019-12-24T11:27:25.735-0300][218,245s] GC(8) Concurrent Reset
[2019-12-24T11:27:25.735-0300][218,246s] GC(8) Concurrent Reset 0,449ms
[2019-12-24T11:27:25.735-0300][218,246s] GC(8) User=0,00s Sys=0,00s Real=0,00s
[2019-12-24T11:27:25.735-0300][218,246s] GC(8) Old: 1323K->14668K(393216K)
[2019-12-24T11:27:26.122-0300][218,633s] GC(12) Pause Young (Allocation Failure)
[2019-12-24T11:27:26.122-0300][218,633s] GC(12) Using 4 workers of 4 for evacuation
[2019-12-24T11:27:26.142-0300][218,653s] GC(12) ParNew: 103899K->18709K(109248K)
[2019-12-24T11:27:26.142-0300][218,653s] GC(12) CMS: 14668K->15469K(393216K)
[2019-12-24T11:27:26.142-0300][218,653s] GC(12) Metaspace: 45524K->45524K(1091584K)
[2019-12-24T11:27:26.142-0300][218,653s] GC(12) Pause Young (Allocation Failure) 115M->33M(490M) 20,595ms
[2019-12-24T11:27:26.142-0300][218,653s] GC(12) User=0,08s Sys=0,00s Real=0,02s
[2019-12-24T11:31:40.893-0300][473,403s] GC(13) Pause Young (Allocation Failure)
[2019-12-24T11:31:40.893-0300][473,403s] GC(13) Using 4 workers of 4 for evacuation
[2019-12-24T11:31:40.907-0300][473,417s] GC(13) ParNew: 106133K->21824K(109248K)
[2019-12-24T11:31:40.907-0300][473,417s] GC(13) CMS: 15469K->16654K(393216K)
[2019-12-24T11:31:40.907-0300][473,417s] GC(13) Metaspace: 46203K->46203K(1091584K)
[2019-12-24T11:31:40.907-0300][473,417s] GC(13) Pause Young (Allocation Failure) 118M->37M(490M) 13,940ms
[2019-12-24T11:31:40.907-0300][473,417s] GC(13) User=0,05s Sys=0,00s Real=0,01s
[2019-12-24T11:31:40.978-0300][473,488s] GC(14) Pause Young (Allocation Failure)
[2019-12-24T11:31:40.978-0300][473,489s] GC(14) Using 4 workers of 4 for evacuation
[2019-12-24T11:31:40.989-0300][473,500s] GC(14) ParNew: 109248K->21335K(109248K)
[2019-12-24T11:31:40.989-0300][473,500s] GC(14) CMS: 16654K->16732K(393216K)
[2019-12-24T11:31:40.989-0300][473,500s] GC(14) Metaspace: 46218K->46218K(1091584K)
[2019-12-24T11:31:40.989-0300][473,500s] GC(14) Pause Young (Allocation Failure) 122M->37M(490M) 11,632ms
[2019-12-24T11:31:40.989-0300][473,500s] GC(14) User=0,05s Sys=0,00s Real=0,01s
[2019-12-24T11:31:47.708-0300][480,218s] GC(15) Pause Young (Allocation Failure)
[2019-12-24T11:31:47.708-0300][480,219s] GC(15) Using 4 workers of 4 for evacuation
[2019-12-24T11:31:47.784-0300][480,295s] GC(15) ParNew: 108751K->21824K(109248K)
[2019-12-24T11:31:47.784-0300][480,295s] GC(15) CMS: 16732K->41264K(393216K)
[2019-12-24T11:31:47.784-0300][480,295s] GC(15) Metaspace: 47612K->47612K(1091584K)
[2019-12-24T11:31:47.784-0300][480,295s] GC(15) Pause Young (Allocation Failure) 122M->61M(490M) 76,508ms
[2019-12-24T11:31:47.784-0300][480,295s] GC(15) User=0,11s Sys=0,00s Real=0,08s
[2019-12-24T11:31:49.246-0300][481,757s] GC(16) Pause Young (Allocation Failure)
[2019-12-24T11:31:49.246-0300][481,757s] GC(16) Using 4 workers of 4 for evacuation
[2019-12-24T11:31:49.301-0300][481,811s] GC(16) ParNew: 109248K->21824K(109248K)
[2019-12-24T11:31:49.301-0300][481,811s] GC(16) CMS: 41264K->55815K(393216K)
[2019-12-24T11:31:49.301-0300][481,811s] GC(16) Metaspace: 48265K->48265K(1093632K)
[2019-12-24T11:31:49.301-0300][481,812s] GC(16) Pause Young (Allocation Failure) 146M->75M(490M) 54,525ms
[2019-12-24T11:31:49.301-0300][481,812s] GC(16) User=0,09s Sys=0,00s Real=0,05s
[2019-12-24T11:31:53.166-0300][485,676s] GC(17) Pause Young (Allocation Failure)
[2019-12-24T11:31:53.166-0300][485,676s] GC(17) Using 4 workers of 4 for evacuation
[2019-12-24T11:31:53.177-0300][485,688s] GC(17) ParNew: 109148K->21824K(109248K)
[2019-12-24T11:31:53.177-0300][485,688s] GC(17) CMS: 55815K->58333K(393216K)
[2019-12-24T11:31:53.177-0300][485,688s] GC(17) Metaspace: 48690K->48690K(1093632K)
[2019-12-24T11:31:53.177-0300][485,688s] GC(17) Pause Young (Allocation Failure) 161M->78M(490M) 11,767ms
[2019-12-24T11:31:53.177-0300][485,688s] GC(17) User=0,04s Sys=0,00s Real=0,01s
[2019-12-24T11:31:53.412-0300][485,923s] GC(18) Pause Young (Allocation Failure)
[2019-12-24T11:31:53.412-0300][485,923s] GC(18) Using 4 workers of 4 for evacuation
[2019-12-24T11:31:53.428-0300][485,938s] GC(18) ParNew: 109248K->21824K(109248K)
[2019-12-24T11:31:53.428-0300][485,938s] GC(18) CMS: 58333K->60236K(393216K)
[2019-12-24T11:31:53.428-0300][485,938s] GC(18) Metaspace: 49143K->49143K(1093632K)
[2019-12-24T11:31:53.428-0300][485,938s] GC(18) Pause Young (Allocation Failure) 163M->80M(490M) 15,768ms
[2019-12-24T11:31:53.428-0300][485,938s] GC(18) User=0,04s Sys=0,00s Real=0,02s
[2019-12-24T11:34:43.080-0300][655,590s] Heap
[2019-12-24T11:34:43.080-0300][655,590s]  par new generation   total 109248K, used 96538K [0x00000000e0000000, 0x00000000e8000000, 0x00000000e8000000)
[2019-12-24T11:34:43.080-0300][655,590s]   eden space 87424K,  85% used [0x00000000e0000000, 0x00000000e48f6948, 0x00000000e5560000)
[2019-12-24T11:34:43.080-0300][655,590s]   from space 21824K, 100% used [0x00000000e6ab0000, 0x00000000e8000000, 0x00000000e8000000)
[2019-12-24T11:34:43.080-0300][655,590s]   to   space 21824K,   0% used [0x00000000e5560000, 0x00000000e5560000, 0x00000000e6ab0000)
[2019-12-24T11:34:43.080-0300][655,590s]  concurrent mark-sweep generation total 393216K, used 60236K [0x00000000e8000000, 0x0000000100000000, 0x0000000100000000)
[2019-12-24T11:34:43.080-0300][655,590s]  Metaspace       used 49382K, capacity 50617K, committed 50816K, reserved 1093632K
[2019-12-24T11:34:43.080-0300][655,590s]   class space    used 5696K, capacity 6191K, committed 6244K, reserved 1048576K
