[2019-12-24T12:25:29.553-0300][0.015s] Using Concurrent Mark Sweep
[2019-12-24T12:25:29.553-0300][0.015s] Heap address: 0x00000000e0000000, size: 512 MB, Compressed Oops mode: 32-bit
[2019-12-24T12:25:31.166-0300][1,628s] GC(0) Pause Young (Allocation Failure)
[2019-12-24T12:25:31.167-0300][1,629s] GC(0) Using 4 workers of 4 for evacuation
[2019-12-24T12:25:31.176-0300][1,638s] GC(0) ParNew: 87424K->9547K(109248K)
[2019-12-24T12:25:31.176-0300][1,638s] GC(0) CMS: 0K->0K(393216K)
[2019-12-24T12:25:31.176-0300][1,638s] GC(0) Metaspace: 14142K->14142K(1062912K)
[2019-12-24T12:25:31.176-0300][1,638s] GC(0) Pause Young (Allocation Failure) 85M->9M(490M) 10,035ms
[2019-12-24T12:25:31.176-0300][1,638s] GC(0) User=0,02s Sys=0,00s Real=0,02s
[2019-12-24T12:25:32.210-0300][2,673s] GC(1) Pause Young (Allocation Failure)
[2019-12-24T12:25:32.210-0300][2,673s] GC(1) Using 4 workers of 4 for evacuation
[2019-12-24T12:25:32.224-0300][2,686s] GC(1) ParNew: 96971K->14043K(109248K)
[2019-12-24T12:25:32.224-0300][2,686s] GC(1) CMS: 0K->0K(393216K)
[2019-12-24T12:25:32.224-0300][2,686s] GC(1) Metaspace: 21775K->21775K(1069056K)
[2019-12-24T12:25:32.224-0300][2,686s] GC(1) Pause Young (Allocation Failure) 94M->13M(490M) 13,745ms
[2019-12-24T12:25:32.224-0300][2,686s] GC(1) User=0,03s Sys=0,01s Real=0,01s
[2019-12-24T12:25:32.224-0300][2,687s] GC(2) Pause Initial Mark
[2019-12-24T12:25:32.228-0300][2,690s] GC(2) Pause Initial Mark 13M->13M(490M) 3,421ms
[2019-12-24T12:25:32.228-0300][2,690s] GC(2) User=0,01s Sys=0,00s Real=0,01s
[2019-12-24T12:25:32.228-0300][2,690s] GC(2) Concurrent Mark
[2019-12-24T12:25:32.234-0300][2,696s] GC(2) Using 4 workers of 4 for marking
[2019-12-24T12:25:32.240-0300][2,703s] GC(2) Concurrent Mark 12,614ms
[2019-12-24T12:25:32.240-0300][2,703s] GC(2) User=0,02s Sys=0,00s Real=0,01s
[2019-12-24T12:25:32.241-0300][2,703s] GC(2) Concurrent Preclean
[2019-12-24T12:25:32.242-0300][2,704s] GC(2) Concurrent Preclean 1,188ms
[2019-12-24T12:25:32.242-0300][2,704s] GC(2) User=0,01s Sys=0,00s Real=0,00s
[2019-12-24T12:25:32.242-0300][2,704s] GC(2) Pause Remark
[2019-12-24T12:25:32.242-0300][2,704s] GC(3) Pause Young (CMS Final Remark)
[2019-12-24T12:25:32.242-0300][2,704s] GC(3) Using 4 workers of 4 for evacuation
[2019-12-24T12:25:32.265-0300][2,727s] GC(3) ParNew: 15676K->18372K(109248K)
[2019-12-24T12:25:32.265-0300][2,727s] GC(3) CMS: 0K->0K(393216K)
[2019-12-24T12:25:32.265-0300][2,727s] GC(3) Metaspace: 21779K->21779K(1069056K)
[2019-12-24T12:25:32.265-0300][2,727s] GC(3) Pause Young (CMS Final Remark) 15M->17M(490M) 23,074ms
[2019-12-24T12:25:32.265-0300][2,727s] GC(3) User=0,06s Sys=0,01s Real=0,02s
[2019-12-24T12:25:32.273-0300][2,735s] GC(2) Pause Remark 15M->17M(490M) 31,231ms
[2019-12-24T12:25:32.273-0300][2,735s] GC(2) User=0,07s Sys=0,01s Real=0,03s
[2019-12-24T12:25:32.274-0300][2,737s] GC(2) Concurrent Sweep
[2019-12-24T12:25:32.274-0300][2,737s] GC(2) Concurrent Sweep 0,040ms
[2019-12-24T12:25:32.274-0300][2,737s] GC(2) User=0,00s Sys=0,00s Real=0,00s
[2019-12-24T12:25:32.274-0300][2,737s] GC(2) Concurrent Reset
[2019-12-24T12:25:32.278-0300][2,740s] GC(2) Concurrent Reset 3,105ms
[2019-12-24T12:25:32.278-0300][2,740s] GC(2) User=0,01s Sys=0,01s Real=0,01s
[2019-12-24T12:25:32.278-0300][2,740s] GC(2) Old: 0K->0K(393216K)
[2019-12-24T12:25:33.239-0300][3,702s] GC(4) Pause Young (Allocation Failure)
[2019-12-24T12:25:33.239-0300][3,702s] GC(4) Using 4 workers of 4 for evacuation
[2019-12-24T12:25:33.268-0300][3,731s] GC(4) ParNew: 105796K->17817K(109248K)
[2019-12-24T12:25:33.268-0300][3,731s] GC(4) CMS: 0K->0K(393216K)
[2019-12-24T12:25:33.268-0300][3,731s] GC(4) Metaspace: 28277K->28277K(1075200K)
[2019-12-24T12:25:33.268-0300][3,731s] GC(4) Pause Young (Allocation Failure) 103M->17M(490M) 28,936ms
[2019-12-24T12:25:33.268-0300][3,731s] GC(4) User=0,10s Sys=0,00s Real=0,03s
[2019-12-24T12:25:33.547-0300][4,009s] GC(5) Pause Young (Allocation Failure)
[2019-12-24T12:25:33.547-0300][4,010s] GC(5) Using 4 workers of 4 for evacuation
[2019-12-24T12:25:33.561-0300][4,024s] GC(5) ParNew: 105241K->21824K(109248K)
[2019-12-24T12:25:33.561-0300][4,024s] GC(5) CMS: 0K->249K(393216K)
[2019-12-24T12:25:33.561-0300][4,024s] GC(5) Metaspace: 29547K->29547K(1075200K)
[2019-12-24T12:25:33.561-0300][4,024s] GC(5) Pause Young (Allocation Failure) 102M->21M(490M) 14,068ms
[2019-12-24T12:25:33.561-0300][4,024s] GC(5) User=0,04s Sys=0,00s Real=0,02s
[2019-12-24T12:25:33.647-0300][4,109s] GC(6) Pause Young (Allocation Failure)
[2019-12-24T12:25:33.647-0300][4,109s] GC(6) Using 4 workers of 4 for evacuation
[2019-12-24T12:25:33.660-0300][4,122s] GC(6) ParNew: 109248K->21074K(109248K)
[2019-12-24T12:25:33.660-0300][4,123s] GC(6) CMS: 249K->249K(393216K)
[2019-12-24T12:25:33.660-0300][4,123s] GC(6) Metaspace: 29726K->29726K(1077248K)
[2019-12-24T12:25:33.660-0300][4,123s] GC(6) Pause Young (Allocation Failure) 106M->20M(490M) 13,128ms
[2019-12-24T12:25:33.660-0300][4,123s] GC(6) User=0,05s Sys=0,00s Real=0,02s
[2019-12-24T12:25:33.775-0300][4,238s] GC(7) Pause Young (Allocation Failure)
[2019-12-24T12:25:33.776-0300][4,238s] GC(7) Using 4 workers of 4 for evacuation
[2019-12-24T12:25:33.794-0300][4,256s] GC(7) ParNew: 108498K->21824K(109248K)
[2019-12-24T12:25:33.794-0300][4,256s] GC(7) CMS: 249K->249K(393216K)
[2019-12-24T12:25:33.794-0300][4,256s] GC(7) Metaspace: 29977K->29977K(1077248K)
[2019-12-24T12:25:33.794-0300][4,256s] GC(7) Pause Young (Allocation Failure) 106M->21M(490M) 18,202ms
[2019-12-24T12:25:33.794-0300][4,256s] GC(7) User=0,06s Sys=0,00s Real=0,01s
[2019-12-24T12:25:34.330-0300][4,792s] GC(8) Pause Young (Allocation Failure)
[2019-12-24T12:25:34.330-0300][4,792s] GC(8) Using 4 workers of 4 for evacuation
[2019-12-24T12:25:34.363-0300][4,825s] GC(8) ParNew: 109248K->21824K(109248K)
[2019-12-24T12:25:34.363-0300][4,825s] GC(8) CMS: 249K->1942K(393216K)
[2019-12-24T12:25:34.363-0300][4,825s] GC(8) Metaspace: 31812K->31812K(1077248K)
[2019-12-24T12:25:34.363-0300][4,825s] GC(8) Pause Young (Allocation Failure) 106M->23M(490M) 32,712ms
[2019-12-24T12:25:34.363-0300][4,825s] GC(8) User=0,10s Sys=0,00s Real=0,03s
[2019-12-24T12:25:34.780-0300][5,242s] GC(9) Pause Young (Allocation Failure)
[2019-12-24T12:25:34.780-0300][5,242s] GC(9) Using 4 workers of 4 for evacuation
[2019-12-24T12:25:34.806-0300][5,268s] GC(9) ParNew: 109248K->19331K(109248K)
[2019-12-24T12:25:34.806-0300][5,268s] GC(9) CMS: 1942K->10705K(393216K)
[2019-12-24T12:25:34.806-0300][5,268s] GC(9) Metaspace: 35079K->35079K(1081344K)
[2019-12-24T12:25:34.806-0300][5,268s] GC(9) Pause Young (Allocation Failure) 108M->29M(490M) 26,183ms
[2019-12-24T12:25:34.806-0300][5,268s] GC(9) User=0,09s Sys=0,00s Real=0,02s
[2019-12-24T12:25:35.575-0300][6,037s] GC(10) Pause Young (Allocation Failure)
[2019-12-24T12:25:35.575-0300][6,037s] GC(10) Using 4 workers of 4 for evacuation
[2019-12-24T12:25:35.595-0300][6,058s] GC(10) ParNew: 106755K->17412K(109248K)
[2019-12-24T12:25:35.595-0300][6,058s] GC(10) CMS: 10705K->13237K(393216K)
[2019-12-24T12:25:35.595-0300][6,058s] GC(10) Metaspace: 39016K->39016K(1085440K)
[2019-12-24T12:25:35.595-0300][6,058s] GC(10) Pause Young (Allocation Failure) 114M->29M(490M) 20,374ms
[2019-12-24T12:25:35.595-0300][6,058s] GC(10) User=0,07s Sys=0,01s Real=0,03s
[2019-12-24T12:25:35.598-0300][6,061s] GC(11) Pause Initial Mark
[2019-12-24T12:25:35.604-0300][6,066s] GC(11) Pause Initial Mark 31M->31M(490M) 5,271ms
[2019-12-24T12:25:35.604-0300][6,066s] GC(11) User=0,03s Sys=0,00s Real=0,00s
[2019-12-24T12:25:35.604-0300][6,066s] GC(11) Concurrent Mark
[2019-12-24T12:25:35.604-0300][6,066s] GC(11) Using 4 workers of 4 for marking
[2019-12-24T12:25:35.628-0300][6,090s] GC(11) Concurrent Mark 23,991ms
[2019-12-24T12:25:35.628-0300][6,090s] GC(11) User=0,08s Sys=0,00s Real=0,03s
[2019-12-24T12:25:35.628-0300][6,090s] GC(11) Concurrent Preclean
[2019-12-24T12:25:35.629-0300][6,091s] GC(11) Concurrent Preclean 1,360ms
[2019-12-24T12:25:35.629-0300][6,091s] GC(11) User=0,00s Sys=0,00s Real=0,00s
[2019-12-24T12:25:35.629-0300][6,091s] GC(11) Concurrent Abortable Preclean
[2019-12-24T12:25:41.841-0300][12,303s] GC(11) Concurrent Abortable Preclean 6211,328ms
[2019-12-24T12:25:41.841-0300][12,303s] GC(11) User=4,64s Sys=0,03s Real=6,21s
[2019-12-24T12:25:41.841-0300][12,303s] GC(11) Pause Remark
[2019-12-24T12:25:41.841-0300][12,303s] GC(12) Pause Young (CMS Final Remark)
[2019-12-24T12:25:41.841-0300][12,303s] GC(12) Using 4 workers of 4 for evacuation
[2019-12-24T12:25:41.877-0300][12,339s] GC(12) ParNew: 38133K->21824K(109248K)
[2019-12-24T12:25:41.877-0300][12,339s] GC(12) CMS: 13237K->13972K(393216K)
[2019-12-24T12:25:41.877-0300][12,339s] GC(12) Metaspace: 39649K->39649K(1085440K)
[2019-12-24T12:25:41.877-0300][12,339s] GC(12) Pause Young (CMS Final Remark) 50M->34M(490M) 36,091ms
[2019-12-24T12:25:41.877-0300][12,339s] GC(12) User=0,08s Sys=0,00s Real=0,04s
[2019-12-24T12:25:41.900-0300][12,362s] GC(11) Pause Remark 50M->34M(490M) 58,792ms
[2019-12-24T12:25:41.900-0300][12,362s] GC(11) User=0,11s Sys=0,00s Real=0,06s
[2019-12-24T12:25:41.900-0300][12,362s] GC(11) Concurrent Sweep
[2019-12-24T12:25:41.906-0300][12,368s] GC(11) Concurrent Sweep 5,982ms
[2019-12-24T12:25:41.906-0300][12,368s] GC(11) User=0,01s Sys=0,00s Real=0,00s
[2019-12-24T12:25:41.906-0300][12,368s] GC(11) Concurrent Reset
[2019-12-24T12:25:41.906-0300][12,368s] GC(11) Concurrent Reset 0,344ms
[2019-12-24T12:25:41.906-0300][12,368s] GC(11) User=0,00s Sys=0,00s Real=0,00s
[2019-12-24T12:25:41.906-0300][12,368s] GC(11) Old: 13237K->13971K(393216K)
[2019-12-24T12:28:58.001-0300][208,463s] GC(13) Pause Young (Allocation Failure)
[2019-12-24T12:28:58.001-0300][208,463s] GC(13) Using 4 workers of 4 for evacuation
[2019-12-24T12:28:58.023-0300][208,485s] GC(13) ParNew: 109248K->21824K(109248K)
[2019-12-24T12:28:58.023-0300][208,485s] GC(13) CMS: 13971K->16379K(393216K)
[2019-12-24T12:28:58.023-0300][208,485s] GC(13) Metaspace: 44706K->44706K(1089536K)
[2019-12-24T12:28:58.023-0300][208,485s] GC(13) Pause Young (Allocation Failure) 120M->37M(490M) 22,019ms
[2019-12-24T12:28:58.023-0300][208,485s] GC(13) User=0,07s Sys=0,00s Real=0,02s
[2019-12-24T12:28:58.108-0300][208,570s] GC(14) Pause Young (Allocation Failure)
[2019-12-24T12:28:58.108-0300][208,570s] GC(14) Using 4 workers of 4 for evacuation
[2019-12-24T12:28:58.133-0300][208,595s] GC(14) ParNew: 109248K->21824K(109248K)
[2019-12-24T12:28:58.133-0300][208,595s] GC(14) CMS: 16379K->17323K(393216K)
[2019-12-24T12:28:58.133-0300][208,595s] GC(14) Metaspace: 44731K->44731K(1089536K)
[2019-12-24T12:28:58.133-0300][208,595s] GC(14) Pause Young (Allocation Failure) 122M->38M(490M) 24,708ms
[2019-12-24T12:28:58.133-0300][208,595s] GC(14) User=0,09s Sys=0,00s Real=0,02s
[2019-12-24T12:33:08.521-0300][458,983s] GC(15) Pause Young (Allocation Failure)
[2019-12-24T12:33:08.521-0300][458,983s] GC(15) Using 4 workers of 4 for evacuation
[2019-12-24T12:33:08.558-0300][459,021s] GC(15) ParNew: 109248K->21824K(109248K)
[2019-12-24T12:33:08.558-0300][459,021s] GC(15) CMS: 17323K->19231K(393216K)
[2019-12-24T12:33:08.558-0300][459,021s] GC(15) Metaspace: 46372K->46372K(1091584K)
[2019-12-24T12:33:08.558-0300][459,021s] GC(15) Pause Young (Allocation Failure) 123M->40M(490M) 37,646ms
[2019-12-24T12:33:08.558-0300][459,021s] GC(15) User=0,11s Sys=0,00s Real=0,04s
[2019-12-24T12:33:08.621-0300][459,083s] GC(16) Pause Young (Allocation Failure)
[2019-12-24T12:33:08.621-0300][459,083s] GC(16) Using 4 workers of 4 for evacuation
[2019-12-24T12:33:08.642-0300][459,104s] GC(16) ParNew: 109244K->21824K(109248K)
[2019-12-24T12:33:08.642-0300][459,104s] GC(16) CMS: 19231K->20399K(393216K)
[2019-12-24T12:33:08.642-0300][459,104s] GC(16) Metaspace: 46426K->46426K(1091584K)
[2019-12-24T12:33:08.642-0300][459,105s] GC(16) Pause Young (Allocation Failure) 125M->41M(490M) 21,367ms
[2019-12-24T12:33:08.642-0300][459,105s] GC(16) User=0,09s Sys=0,00s Real=0,02s
[2019-12-24T12:33:08.781-0300][459,243s] GC(17) Pause Young (Allocation Failure)
[2019-12-24T12:33:08.781-0300][459,244s] GC(17) Using 4 workers of 4 for evacuation
[2019-12-24T12:33:08.805-0300][459,267s] GC(17) ParNew: 109248K->21824K(109248K)
[2019-12-24T12:33:08.805-0300][459,267s] GC(17) CMS: 20399K->24683K(393216K)
[2019-12-24T12:33:08.805-0300][459,267s] GC(17) Metaspace: 46470K->46470K(1091584K)
[2019-12-24T12:33:08.805-0300][459,267s] GC(17) Pause Young (Allocation Failure) 126M->45M(490M) 23,331ms
[2019-12-24T12:33:08.805-0300][459,267s] GC(17) User=0,08s Sys=0,00s Real=0,02s
[2019-12-24T12:33:14.843-0300][465,306s] GC(18) Pause Young (Allocation Failure)
[2019-12-24T12:33:14.843-0300][465,306s] GC(18) Using 4 workers of 4 for evacuation
[2019-12-24T12:33:14.909-0300][465,371s] GC(18) ParNew: 107695K->21824K(109248K)
[2019-12-24T12:33:14.909-0300][465,371s] GC(18) CMS: 24683K->48185K(393216K)
[2019-12-24T12:33:14.909-0300][465,371s] GC(18) Metaspace: 47864K->47864K(1093632K)
[2019-12-24T12:33:14.909-0300][465,371s] GC(18) Pause Young (Allocation Failure) 129M->68M(490M) 65,840ms
[2019-12-24T12:33:14.909-0300][465,371s] GC(18) User=0,10s Sys=0,00s Real=0,07s
[2019-12-24T12:33:16.447-0300][466,910s] GC(19) Pause Young (Allocation Failure)
[2019-12-24T12:33:16.447-0300][466,910s] GC(19) Using 4 workers of 4 for evacuation
[2019-12-24T12:33:16.506-0300][466,969s] GC(19) ParNew: 109248K->21824K(109248K)
[2019-12-24T12:33:16.507-0300][466,969s] GC(19) CMS: 48185K->62260K(393216K)
[2019-12-24T12:33:16.507-0300][466,969s] GC(19) Metaspace: 48502K->48502K(1093632K)
[2019-12-24T12:33:16.507-0300][466,969s] GC(19) Pause Young (Allocation Failure) 153M->82M(490M) 59,113ms
[2019-12-24T12:33:16.507-0300][466,969s] GC(19) User=0,10s Sys=0,00s Real=0,05s
[2019-12-24T12:33:19.652-0300][470,114s] GC(20) Pause Young (Allocation Failure)
[2019-12-24T12:33:19.652-0300][470,114s] GC(20) Using 4 workers of 4 for evacuation
[2019-12-24T12:33:19.683-0300][470,145s] GC(20) ParNew: 109029K->21824K(109248K)
[2019-12-24T12:33:19.683-0300][470,145s] GC(20) CMS: 62260K->64482K(393216K)
[2019-12-24T12:33:19.683-0300][470,145s] GC(20) Metaspace: 48966K->48966K(1093632K)
[2019-12-24T12:33:19.683-0300][470,145s] GC(20) Pause Young (Allocation Failure) 167M->84M(490M) 31,040ms
[2019-12-24T12:33:19.683-0300][470,145s] GC(20) User=0,10s Sys=0,00s Real=0,03s
[2019-12-24T12:33:19.957-0300][470,419s] GC(21) Pause Young (Allocation Failure)
[2019-12-24T12:33:19.957-0300][470,419s] GC(21) Using 4 workers of 4 for evacuation
[2019-12-24T12:33:19.982-0300][470,445s] GC(21) ParNew: 108950K->21824K(109248K)
[2019-12-24T12:33:19.982-0300][470,445s] GC(21) CMS: 64482K->67674K(393216K)
[2019-12-24T12:33:19.982-0300][470,445s] GC(21) Metaspace: 49407K->49407K(1093632K)
[2019-12-24T12:33:19.982-0300][470,445s] GC(21) Pause Young (Allocation Failure) 169M->87M(490M) 25,832ms
[2019-12-24T12:33:19.982-0300][470,445s] GC(21) User=0,07s Sys=0,00s Real=0,02s
[2019-12-24T12:36:31.023-0300][661,485s] Heap
[2019-12-24T12:36:31.023-0300][661,485s]  par new generation   total 109248K, used 84345K [0x00000000e0000000, 0x00000000e8000000, 0x00000000e8000000)
[2019-12-24T12:36:31.023-0300][661,485s]   eden space 87424K,  71% used [0x00000000e0000000, 0x00000000e3d0e478, 0x00000000e5560000)
[2019-12-24T12:36:31.023-0300][661,485s]   from space 21824K, 100% used [0x00000000e5560000, 0x00000000e6ab0000, 0x00000000e6ab0000)
[2019-12-24T12:36:31.023-0300][661,485s]   to   space 21824K,   0% used [0x00000000e6ab0000, 0x00000000e6ab0000, 0x00000000e8000000)
[2019-12-24T12:36:31.023-0300][661,485s]  concurrent mark-sweep generation total 393216K, used 67674K [0x00000000e8000000, 0x0000000100000000, 0x0000000100000000)
[2019-12-24T12:36:31.023-0300][661,485s]  Metaspace       used 49643K, capacity 50997K, committed 51244K, reserved 1093632K
[2019-12-24T12:36:31.023-0300][661,485s]   class space    used 5723K, capacity 6263K, committed 6272K, reserved 1048576K
