[2019-12-24T11:56:58.238-0300][0.008s] Using Concurrent Mark Sweep
[2019-12-24T11:56:58.238-0300][0.008s] Heap address: 0x00000000e0000000, size: 512 MB, Compressed Oops mode: 32-bit
[2019-12-24T11:56:59.643-0300][1,413s] GC(0) Pause Young (Allocation Failure)
[2019-12-24T11:56:59.643-0300][1,413s] GC(0) Using 4 workers of 4 for evacuation
[2019-12-24T11:56:59.653-0300][1,423s] GC(0) ParNew: 87424K->9549K(109248K)
[2019-12-24T11:56:59.653-0300][1,423s] GC(0) CMS: 0K->0K(393216K)
[2019-12-24T11:56:59.653-0300][1,423s] GC(0) Metaspace: 14096K->14096K(1062912K)
[2019-12-24T11:56:59.653-0300][1,423s] GC(0) Pause Young (Allocation Failure) 85M->9M(490M) 10,066ms
[2019-12-24T11:56:59.653-0300][1,423s] GC(0) User=0,04s Sys=0,00s Real=0,02s
[2019-12-24T11:57:00.550-0300][2,320s] GC(1) Pause Young (Allocation Failure)
[2019-12-24T11:57:00.550-0300][2,320s] GC(1) Using 4 workers of 4 for evacuation
[2019-12-24T11:57:00.563-0300][2,333s] GC(1) ParNew: 96973K->16207K(109248K)
[2019-12-24T11:57:00.563-0300][2,333s] GC(1) CMS: 0K->0K(393216K)
[2019-12-24T11:57:00.563-0300][2,333s] GC(1) Metaspace: 21952K->21952K(1069056K)
[2019-12-24T11:57:00.563-0300][2,333s] GC(1) Pause Young (Allocation Failure) 94M->15M(490M) 12,505ms
[2019-12-24T11:57:00.563-0300][2,333s] GC(1) User=0,04s Sys=0,00s Real=0,01s
[2019-12-24T11:57:00.563-0300][2,333s] GC(2) Pause Initial Mark
[2019-12-24T11:57:00.566-0300][2,335s] GC(2) Pause Initial Mark 17M->17M(490M) 2,707ms
[2019-12-24T11:57:00.566-0300][2,336s] GC(2) User=0,01s Sys=0,00s Real=0,01s
[2019-12-24T11:57:00.566-0300][2,336s] GC(2) Concurrent Mark
[2019-12-24T11:57:00.566-0300][2,336s] GC(2) Using 4 workers of 4 for marking
[2019-12-24T11:57:00.568-0300][2,338s] GC(2) Concurrent Mark 2,066ms
[2019-12-24T11:57:00.568-0300][2,338s] GC(2) User=0,01s Sys=0,00s Real=0,00s
[2019-12-24T11:57:00.568-0300][2,338s] GC(2) Concurrent Preclean
[2019-12-24T11:57:00.569-0300][2,339s] GC(2) Concurrent Preclean 1,187ms
[2019-12-24T11:57:00.569-0300][2,339s] GC(2) User=0,00s Sys=0,00s Real=0,00s
[2019-12-24T11:57:00.569-0300][2,339s] GC(2) Concurrent Abortable Preclean
[2019-12-24T11:57:01.090-0300][2,860s] GC(2) Concurrent Abortable Preclean 520,695ms
[2019-12-24T11:57:01.090-0300][2,860s] GC(2) User=1,49s Sys=0,03s Real=0,52s
[2019-12-24T11:57:01.093-0300][2,863s] GC(2) Pause Remark
[2019-12-24T11:57:01.093-0300][2,863s] GC(3) Pause Young (CMS Final Remark)
[2019-12-24T11:57:01.093-0300][2,863s] GC(3) Using 4 workers of 4 for evacuation
[2019-12-24T11:57:01.106-0300][2,876s] GC(3) ParNew: 60037K->18492K(109248K)
[2019-12-24T11:57:01.106-0300][2,876s] GC(3) CMS: 0K->0K(393216K)
[2019-12-24T11:57:01.106-0300][2,876s] GC(3) Metaspace: 25493K->25493K(1073152K)
[2019-12-24T11:57:01.107-0300][2,876s] GC(3) Pause Young (CMS Final Remark) 58M->18M(490M) 13,663ms
[2019-12-24T11:57:01.107-0300][2,876s] GC(3) User=0,04s Sys=0,00s Real=0,01s
[2019-12-24T11:57:01.121-0300][2,891s] GC(2) Pause Remark 58M->18M(490M) 28,047ms
[2019-12-24T11:57:01.121-0300][2,891s] GC(2) User=0,07s Sys=0,00s Real=0,02s
[2019-12-24T11:57:01.121-0300][2,891s] GC(2) Concurrent Sweep
[2019-12-24T11:57:01.121-0300][2,891s] GC(2) Concurrent Sweep 0,034ms
[2019-12-24T11:57:01.121-0300][2,891s] GC(2) User=0,00s Sys=0,00s Real=0,00s
[2019-12-24T11:57:01.121-0300][2,891s] GC(2) Concurrent Reset
[2019-12-24T11:57:01.124-0300][2,894s] GC(2) Concurrent Reset 3,165ms
[2019-12-24T11:57:01.124-0300][2,894s] GC(2) User=0,01s Sys=0,00s Real=0,01s
[2019-12-24T11:57:01.124-0300][2,894s] GC(2) Old: 0K->0K(393216K)
[2019-12-24T11:57:01.705-0300][3,475s] GC(4) Pause Young (Allocation Failure)
[2019-12-24T11:57:01.705-0300][3,475s] GC(4) Using 4 workers of 4 for evacuation
[2019-12-24T11:57:01.721-0300][3,491s] GC(4) ParNew: 105898K->20002K(109248K)
[2019-12-24T11:57:01.721-0300][3,491s] GC(4) CMS: 0K->0K(393216K)
[2019-12-24T11:57:01.721-0300][3,491s] GC(4) Metaspace: 29495K->29495K(1075200K)
[2019-12-24T11:57:01.721-0300][3,491s] GC(4) Pause Young (Allocation Failure) 103M->19M(490M) 16,566ms
[2019-12-24T11:57:01.721-0300][3,491s] GC(4) User=0,05s Sys=0,00s Real=0,01s
[2019-12-24T11:57:01.904-0300][3,674s] GC(5) Pause Young (Allocation Failure)
[2019-12-24T11:57:01.904-0300][3,674s] GC(5) Using 4 workers of 4 for evacuation
[2019-12-24T11:57:01.915-0300][3,685s] GC(5) ParNew: 107426K->20672K(109248K)
[2019-12-24T11:57:01.915-0300][3,685s] GC(5) CMS: 0K->0K(393216K)
[2019-12-24T11:57:01.915-0300][3,685s] GC(5) Metaspace: 29879K->29879K(1077248K)
[2019-12-24T11:57:01.915-0300][3,685s] GC(5) Pause Young (Allocation Failure) 104M->20M(490M) 11,427ms
[2019-12-24T11:57:01.915-0300][3,685s] GC(5) User=0,04s Sys=0,00s Real=0,02s
[2019-12-24T11:57:03.252-0300][5,022s] GC(6) Pause Young (Allocation Failure)
[2019-12-24T11:57:03.252-0300][5,022s] GC(6) Using 4 workers of 4 for evacuation
[2019-12-24T11:57:03.285-0300][5,054s] GC(6) ParNew: 108096K->21824K(109248K)
[2019-12-24T11:57:03.285-0300][5,054s] GC(6) CMS: 0K->303K(393216K)
[2019-12-24T11:57:03.285-0300][5,054s] GC(6) Metaspace: 33575K->33575K(1079296K)
[2019-12-24T11:57:03.285-0300][5,054s] GC(6) Pause Young (Allocation Failure) 105M->21M(490M) 32,450ms
[2019-12-24T11:57:03.285-0300][5,055s] GC(6) User=0,07s Sys=0,01s Real=0,03s
[2019-12-24T11:57:04.376-0300][6,146s] GC(7) Pause Young (Allocation Failure)
[2019-12-24T11:57:04.376-0300][6,146s] GC(7) Using 4 workers of 4 for evacuation
[2019-12-24T11:57:04.416-0300][6,186s] GC(7) ParNew: 109248K->21824K(109248K)
[2019-12-24T11:57:04.416-0300][6,186s] GC(7) CMS: 303K->1840K(393216K)
[2019-12-24T11:57:04.416-0300][6,186s] GC(7) Metaspace: 38621K->38621K(1083392K)
[2019-12-24T11:57:04.416-0300][6,186s] GC(7) Pause Young (Allocation Failure) 106M->23M(490M) 39,825ms
[2019-12-24T11:57:04.416-0300][6,186s] GC(7) User=0,09s Sys=0,00s Real=0,04s
[2019-12-24T11:58:02.406-0300][64,176s] GC(8) Pause Initial Mark
[2019-12-24T11:58:02.423-0300][64,192s] GC(8) Pause Initial Mark 74M->74M(490M) 16,861ms
[2019-12-24T11:58:02.423-0300][64,192s] GC(8) User=0,05s Sys=0,00s Real=0,01s
[2019-12-24T11:58:02.427-0300][64,197s] GC(8) Concurrent Mark
[2019-12-24T11:58:02.427-0300][64,197s] GC(8) Using 4 workers of 4 for marking
[2019-12-24T11:58:02.438-0300][64,207s] GC(8) Concurrent Mark 10,361ms
[2019-12-24T11:58:02.438-0300][64,207s] GC(8) User=0,02s Sys=0,00s Real=0,01s
[2019-12-24T11:58:02.438-0300][64,208s] GC(8) Concurrent Preclean
[2019-12-24T11:58:02.440-0300][64,210s] GC(8) Concurrent Preclean 1,675ms
[2019-12-24T11:58:02.440-0300][64,210s] GC(8) User=0,01s Sys=0,00s Real=0,00s
[2019-12-24T11:58:02.440-0300][64,210s] GC(8) Concurrent Abortable Preclean
[2019-12-24T11:58:02.671-0300][64,440s] GC(9) Pause Young (Allocation Failure)
[2019-12-24T11:58:02.671-0300][64,440s] GC(9) Using 4 workers of 4 for evacuation
[2019-12-24T11:58:02.788-0300][64,558s] GC(9) ParNew: 109248K->21824K(109248K)
[2019-12-24T11:58:02.788-0300][64,558s] GC(9) CMS: 1840K->11545K(393216K)
[2019-12-24T11:58:02.788-0300][64,558s] GC(9) Metaspace: 44538K->44538K(1089536K)
[2019-12-24T11:58:02.788-0300][64,558s] GC(9) Pause Young (Allocation Failure) 108M->32M(490M) 117,848ms
[2019-12-24T11:58:02.788-0300][64,558s] GC(9) User=0,13s Sys=0,00s Real=0,12s
[2019-12-24T11:58:03.120-0300][64,890s] GC(10) Pause Young (Allocation Failure)
[2019-12-24T11:58:03.120-0300][64,890s] GC(10) Using 4 workers of 4 for evacuation
[2019-12-24T11:58:03.125-0300][64,895s] GC(8) Concurrent Abortable Preclean 685,526ms
[2019-12-24T11:58:03.125-0300][64,895s] GC(8) User=0,87s Sys=0,02s Real=0,69s
[2019-12-24T11:58:03.190-0300][64,960s] GC(10) ParNew: 109248K->21824K(109248K)
[2019-12-24T11:58:03.190-0300][64,960s] GC(10) CMS: 11545K->11713K(393216K)
[2019-12-24T11:58:03.190-0300][64,960s] GC(10) Metaspace: 44560K->44560K(1089536K)
[2019-12-24T11:58:03.190-0300][64,960s] GC(10) Pause Young (Allocation Failure) 117M->32M(490M) 70,228ms
[2019-12-24T11:58:03.190-0300][64,960s] GC(10) User=0,08s Sys=0,00s Real=0,07s
[2019-12-24T11:58:03.200-0300][64,970s] GC(8) Pause Remark
[2019-12-24T11:58:03.201-0300][64,970s] GC(11) Pause Young (CMS Final Remark)
[2019-12-24T11:58:03.201-0300][64,970s] GC(11) Using 4 workers of 4 for evacuation
[2019-12-24T11:58:03.275-0300][65,044s] GC(11) ParNew: 25649K->21824K(109248K)
[2019-12-24T11:58:03.275-0300][65,044s] GC(11) CMS: 11713K->14002K(393216K)
[2019-12-24T11:58:03.275-0300][65,044s] GC(11) Metaspace: 44560K->44560K(1089536K)
[2019-12-24T11:58:03.275-0300][65,044s] GC(11) Pause Young (CMS Final Remark) 36M->34M(490M) 74,075ms
[2019-12-24T11:58:03.275-0300][65,044s] GC(11) User=0,08s Sys=0,00s Real=0,08s
[2019-12-24T11:58:03.323-0300][65,092s] GC(8) Pause Remark 36M->34M(490M) 122,177ms
[2019-12-24T11:58:03.323-0300][65,093s] GC(8) User=0,14s Sys=0,00s Real=0,12s
[2019-12-24T11:58:03.338-0300][65,108s] GC(8) Concurrent Sweep
[2019-12-24T11:58:03.345-0300][65,115s] GC(8) Concurrent Sweep 6,959ms
[2019-12-24T11:58:03.345-0300][65,115s] GC(8) User=0,00s Sys=0,00s Real=0,01s
[2019-12-24T11:58:03.345-0300][65,115s] GC(8) Concurrent Reset
[2019-12-24T11:58:03.346-0300][65,116s] GC(8) Concurrent Reset 0,400ms
[2019-12-24T11:58:03.346-0300][65,116s] GC(8) User=0,00s Sys=0,00s Real=0,00s
[2019-12-24T11:58:03.346-0300][65,116s] GC(8) Old: 1840K->14000K(393216K)
[2019-12-24T11:58:18.430-0300][80,200s] GC(12) Pause Young (Allocation Failure)
[2019-12-24T11:58:18.430-0300][80,200s] GC(12) Using 4 workers of 4 for evacuation
[2019-12-24T11:58:18.506-0300][80,276s] GC(12) ParNew: 109248K->20192K(109248K)
[2019-12-24T11:58:18.506-0300][80,276s] GC(12) CMS: 14000K->15052K(393216K)
[2019-12-24T11:58:18.506-0300][80,276s] GC(12) Metaspace: 45439K->45439K(1089536K)
[2019-12-24T11:58:18.506-0300][80,276s] GC(12) Pause Young (Allocation Failure) 120M->34M(490M) 75,924ms
[2019-12-24T11:58:18.506-0300][80,276s] GC(12) User=0,07s Sys=0,00s Real=0,08s
[2019-12-24T11:58:21.408-0300][83,178s] GC(13) Pause Young (Allocation Failure)
[2019-12-24T11:58:21.408-0300][83,178s] GC(13) Using 4 workers of 4 for evacuation
[2019-12-24T11:58:21.545-0300][83,315s] GC(13) ParNew: 107616K->21824K(109248K)
[2019-12-24T11:58:21.545-0300][83,315s] GC(13) CMS: 15052K->46651K(393216K)
[2019-12-24T11:58:21.545-0300][83,315s] GC(13) Metaspace: 46473K->46473K(1091584K)
[2019-12-24T11:58:21.545-0300][83,315s] GC(13) Pause Young (Allocation Failure) 119M->66M(490M) 136,822ms
[2019-12-24T11:58:21.545-0300][83,315s] GC(13) User=0,20s Sys=0,02s Real=0,14s
[2019-12-24T11:58:23.112-0300][84,882s] GC(14) Pause Young (Allocation Failure)
[2019-12-24T11:58:23.112-0300][84,882s] GC(14) Using 4 workers of 4 for evacuation
[2019-12-24T11:58:23.169-0300][84,939s] GC(14) ParNew: 109248K->21824K(109248K)
[2019-12-24T11:58:23.169-0300][84,939s] GC(14) CMS: 46651K->68385K(393216K)
[2019-12-24T11:58:23.169-0300][84,939s] GC(14) Metaspace: 46813K->46813K(1091584K)
[2019-12-24T11:58:23.169-0300][84,939s] GC(14) Pause Young (Allocation Failure) 152M->88M(490M) 57,089ms
[2019-12-24T11:58:23.169-0300][84,939s] GC(14) User=0,08s Sys=0,01s Real=0,05s
[2019-12-24T11:58:24.193-0300][85,963s] GC(15) Pause Young (Allocation Failure)
[2019-12-24T11:58:24.193-0300][85,963s] GC(15) Using 4 workers of 4 for evacuation
[2019-12-24T11:58:24.210-0300][85,980s] GC(15) ParNew: 109248K->21824K(109248K)
[2019-12-24T11:58:24.210-0300][85,980s] GC(15) CMS: 68385K->69369K(393216K)
[2019-12-24T11:58:24.210-0300][85,980s] GC(15) Metaspace: 46944K->46944K(1091584K)
[2019-12-24T11:58:24.210-0300][85,980s] GC(15) Pause Young (Allocation Failure) 173M->89M(490M) 17,044ms
[2019-12-24T11:58:24.210-0300][85,980s] GC(15) User=0,04s Sys=0,00s Real=0,01s
[2019-12-24T11:58:25.380-0300][87,150s] GC(16) Pause Young (Allocation Failure)
[2019-12-24T11:58:25.380-0300][87,150s] GC(16) Using 4 workers of 4 for evacuation
[2019-12-24T11:58:25.426-0300][87,196s] GC(16) ParNew: 108748K->15504K(109248K)
[2019-12-24T11:58:25.426-0300][87,196s] GC(16) CMS: 69369K->83620K(393216K)
[2019-12-24T11:58:25.426-0300][87,196s] GC(16) Metaspace: 47490K->47490K(1091584K)
[2019-12-24T11:58:25.426-0300][87,196s] GC(16) Pause Young (Allocation Failure) 173M->96M(490M) 46,004ms
[2019-12-24T11:58:25.426-0300][87,196s] GC(16) User=0,06s Sys=0,01s Real=0,05s
[2019-12-24T11:58:26.164-0300][87,934s] GC(17) Pause Young (Allocation Failure)
[2019-12-24T11:58:26.165-0300][87,934s] GC(17) Using 4 workers of 4 for evacuation
[2019-12-24T11:58:26.181-0300][87,951s] GC(17) ParNew: 102928K->12484K(109248K)
[2019-12-24T11:58:26.181-0300][87,951s] GC(17) CMS: 83620K->83620K(393216K)
[2019-12-24T11:58:26.181-0300][87,951s] GC(17) Metaspace: 47942K->47942K(1093632K)
[2019-12-24T11:58:26.181-0300][87,951s] GC(17) Pause Young (Allocation Failure) 182M->93M(490M) 16,799ms
[2019-12-24T11:58:26.181-0300][87,951s] GC(17) User=0,02s Sys=0,00s Real=0,01s
[2019-12-24T11:58:26.549-0300][88,319s] GC(18) Pause Young (Allocation Failure)
[2019-12-24T11:58:26.550-0300][88,319s] GC(18) Using 4 workers of 4 for evacuation
[2019-12-24T11:58:26.568-0300][88,338s] GC(18) ParNew: 99908K->14136K(109248K)
[2019-12-24T11:58:26.568-0300][88,338s] GC(18) CMS: 83620K->83620K(393216K)
[2019-12-24T11:58:26.568-0300][88,338s] GC(18) Metaspace: 47986K->47986K(1093632K)
[2019-12-24T11:58:26.568-0300][88,338s] GC(18) Pause Young (Allocation Failure) 179M->95M(490M) 18,871ms
[2019-12-24T11:58:26.568-0300][88,338s] GC(18) User=0,03s Sys=0,00s Real=0,02s
[2019-12-24T11:58:26.828-0300][88,598s] GC(19) Pause Young (Allocation Failure)
[2019-12-24T11:58:26.828-0300][88,598s] GC(19) Using 4 workers of 4 for evacuation
[2019-12-24T11:58:26.848-0300][88,618s] GC(19) ParNew: 101560K->16303K(109248K)
[2019-12-24T11:58:26.848-0300][88,618s] GC(19) CMS: 83620K->83620K(393216K)
[2019-12-24T11:58:26.848-0300][88,618s] GC(19) Metaspace: 48025K->48025K(1093632K)
[2019-12-24T11:58:26.848-0300][88,618s] GC(19) Pause Young (Allocation Failure) 180M->97M(490M) 20,094ms
[2019-12-24T11:58:26.848-0300][88,618s] GC(19) User=0,03s Sys=0,00s Real=0,02s
[2019-12-24T11:58:27.145-0300][88,915s] GC(20) Pause Young (Allocation Failure)
[2019-12-24T11:58:27.145-0300][88,915s] GC(20) Using 4 workers of 4 for evacuation
[2019-12-24T11:58:27.168-0300][88,938s] GC(20) ParNew: 103727K->16344K(109248K)
[2019-12-24T11:58:27.168-0300][88,938s] GC(20) CMS: 83620K->83620K(393216K)
[2019-12-24T11:58:27.168-0300][88,938s] GC(20) Metaspace: 48036K->48036K(1093632K)
[2019-12-24T11:58:27.168-0300][88,938s] GC(20) Pause Young (Allocation Failure) 182M->97M(490M) 23,129ms
[2019-12-24T11:58:27.168-0300][88,938s] GC(20) User=0,03s Sys=0,00s Real=0,02s
[2019-12-24T11:58:28.929-0300][90,699s] GC(21) Pause Young (Allocation Failure)
[2019-12-24T11:58:28.929-0300][90,699s] GC(21) Using 4 workers of 4 for evacuation
[2019-12-24T11:58:28.952-0300][90,722s] GC(21) ParNew: 103768K->20154K(109248K)
[2019-12-24T11:58:28.952-0300][90,722s] GC(21) CMS: 83620K->83620K(393216K)
[2019-12-24T11:58:28.952-0300][90,722s] GC(21) Metaspace: 48459K->48459K(1093632K)
[2019-12-24T11:58:28.952-0300][90,722s] GC(21) Pause Young (Allocation Failure) 182M->101M(490M) 22,985ms
[2019-12-24T11:58:28.952-0300][90,722s] GC(21) User=0,05s Sys=0,00s Real=0,03s
[2019-12-24T11:58:35.717-0300][97,487s] GC(22) Pause Young (Allocation Failure)
[2019-12-24T11:58:35.717-0300][97,487s] GC(22) Using 4 workers of 4 for evacuation
[2019-12-24T11:58:35.752-0300][97,522s] GC(22) ParNew: 107578K->21708K(109248K)
[2019-12-24T11:58:35.752-0300][97,522s] GC(22) CMS: 83620K->83620K(393216K)
[2019-12-24T11:58:35.752-0300][97,522s] GC(22) Metaspace: 48828K->48828K(1093632K)
[2019-12-24T11:58:35.752-0300][97,522s] GC(22) Pause Young (Allocation Failure) 186M->102M(490M) 35,116ms
[2019-12-24T11:58:35.752-0300][97,522s] GC(22) User=0,07s Sys=0,00s Real=0,04s
[2019-12-24T11:58:38.332-0300][100,101s] GC(23) Pause Young (Allocation Failure)
[2019-12-24T11:58:38.332-0300][100,101s] GC(23) Using 4 workers of 4 for evacuation
[2019-12-24T11:58:38.382-0300][100,152s] GC(23) ParNew: 109132K->21140K(109248K)
[2019-12-24T11:58:38.382-0300][100,152s] GC(23) CMS: 83620K->87445K(393216K)
[2019-12-24T11:58:38.382-0300][100,152s] GC(23) Metaspace: 49303K->49303K(1093632K)
[2019-12-24T11:58:38.383-0300][100,152s] GC(23) Pause Young (Allocation Failure) 188M->106M(490M) 51,008ms
[2019-12-24T11:58:38.383-0300][100,152s] GC(23) User=0,09s Sys=0,00s Real=0,05s
[2019-12-24T11:59:50.971-0300][172,740s] GC(24) Pause Young (Allocation Failure)
[2019-12-24T11:59:50.971-0300][172,741s] GC(24) Using 4 workers of 4 for evacuation
[2019-12-24T11:59:50.992-0300][172,762s] GC(24) ParNew: 108564K->14663K(109248K)
[2019-12-24T11:59:50.992-0300][172,762s] GC(24) CMS: 87445K->92946K(393216K)
[2019-12-24T11:59:50.992-0300][172,762s] GC(24) Metaspace: 49756K->49756K(1093632K)
[2019-12-24T11:59:50.992-0300][172,762s] GC(24) Pause Young (Allocation Failure) 191M->105M(490M) 21,744ms
[2019-12-24T11:59:50.992-0300][172,762s] GC(24) User=0,05s Sys=0,00s Real=0,03s
[2019-12-24T11:59:51.101-0300][172,871s] GC(25) Pause Young (Allocation Failure)
[2019-12-24T11:59:51.101-0300][172,871s] GC(25) Using 4 workers of 4 for evacuation
[2019-12-24T11:59:51.107-0300][172,877s] GC(25) ParNew: 102087K->10555K(109248K)
[2019-12-24T11:59:51.107-0300][172,877s] GC(25) CMS: 92946K->93107K(393216K)
[2019-12-24T11:59:51.107-0300][172,877s] GC(25) Metaspace: 49769K->49769K(1093632K)
[2019-12-24T11:59:51.107-0300][172,877s] GC(25) Pause Young (Allocation Failure) 190M->101M(490M) 5,722ms
[2019-12-24T11:59:51.107-0300][172,877s] GC(25) User=0,03s Sys=0,00s Real=0,01s
[2019-12-24T11:59:51.321-0300][173,091s] GC(26) Pause Young (Allocation Failure)
[2019-12-24T11:59:51.321-0300][173,091s] GC(26) Using 4 workers of 4 for evacuation
[2019-12-24T11:59:51.332-0300][173,102s] GC(26) ParNew: 97979K->12309K(109248K)
[2019-12-24T11:59:51.332-0300][173,102s] GC(26) CMS: 93107K->93194K(393216K)
[2019-12-24T11:59:51.332-0300][173,102s] GC(26) Metaspace: 49920K->49920K(1093632K)
[2019-12-24T11:59:51.332-0300][173,102s] GC(26) Pause Young (Allocation Failure) 186M->103M(490M) 11,032ms
[2019-12-24T11:59:51.332-0300][173,102s] GC(26) User=0,04s Sys=0,00s Real=0,01s
[2019-12-24T11:59:51.390-0300][173,160s] GC(27) Pause Young (Allocation Failure)
[2019-12-24T11:59:51.390-0300][173,160s] GC(27) Using 4 workers of 4 for evacuation
[2019-12-24T11:59:51.406-0300][173,176s] GC(27) ParNew: 99733K->15178K(109248K)
[2019-12-24T11:59:51.406-0300][173,176s] GC(27) CMS: 93194K->93496K(393216K)
[2019-12-24T11:59:51.406-0300][173,176s] GC(27) Metaspace: 49940K->49940K(1093632K)
[2019-12-24T11:59:51.406-0300][173,176s] GC(27) Pause Young (Allocation Failure) 188M->106M(490M) 15,512ms
[2019-12-24T11:59:51.406-0300][173,176s] GC(27) User=0,06s Sys=0,00s Real=0,02s
[2019-12-24T12:01:36.134-0300][277,904s] GC(28) Pause Young (Allocation Failure)
[2019-12-24T12:01:36.134-0300][277,904s] GC(28) Using 4 workers of 4 for evacuation
[2019-12-24T12:01:36.144-0300][277,914s] GC(28) ParNew: 102602K->16409K(109248K)
[2019-12-24T12:01:36.144-0300][277,914s] GC(28) CMS: 93496K->93607K(393216K)
[2019-12-24T12:01:36.144-0300][277,914s] GC(28) Metaspace: 50455K->50455K(1095680K)
[2019-12-24T12:01:36.144-0300][277,914s] GC(28) Pause Young (Allocation Failure) 191M->107M(490M) 10,436ms
[2019-12-24T12:01:36.144-0300][277,914s] GC(28) User=0,04s Sys=0,00s Real=0,01s
[2019-12-24T12:02:28.978-0300][330,748s] GC(29) Pause Young (Allocation Failure)
[2019-12-24T12:02:28.978-0300][330,748s] GC(29) Using 4 workers of 4 for evacuation
[2019-12-24T12:02:28.990-0300][330,760s] GC(29) ParNew: 103833K->21824K(109248K)
[2019-12-24T12:02:28.990-0300][330,760s] GC(29) CMS: 93607K->96027K(393216K)
[2019-12-24T12:02:28.990-0300][330,760s] GC(29) Metaspace: 50543K->50543K(1095680K)
[2019-12-24T12:02:28.990-0300][330,760s] GC(29) Pause Young (Allocation Failure) 192M->115M(490M) 12,165ms
[2019-12-24T12:02:28.990-0300][330,760s] GC(29) User=0,03s Sys=0,00s Real=0,01s
[2019-12-24T12:03:22.207-0300][383,977s] GC(30) Pause Young (Allocation Failure)
[2019-12-24T12:03:22.207-0300][383,977s] GC(30) Using 4 workers of 4 for evacuation
[2019-12-24T12:03:22.215-0300][383,985s] GC(30) ParNew: 109248K->19561K(109248K)
[2019-12-24T12:03:22.215-0300][383,985s] GC(30) CMS: 96027K->96872K(393216K)
[2019-12-24T12:03:22.215-0300][383,985s] GC(30) Metaspace: 50578K->50578K(1095680K)
[2019-12-24T12:03:22.215-0300][383,985s] GC(30) Pause Young (Allocation Failure) 200M->113M(490M) 8,563ms
[2019-12-24T12:03:22.215-0300][383,985s] GC(30) User=0,03s Sys=0,00s Real=0,01s
[2019-12-24T12:03:38.639-0300][400,409s] GC(31) Pause Young (Allocation Failure)
[2019-12-24T12:03:38.639-0300][400,409s] GC(31) Using 4 workers of 4 for evacuation
[2019-12-24T12:03:38.652-0300][400,422s] GC(31) ParNew: 106985K->21824K(109248K)
[2019-12-24T12:03:38.652-0300][400,422s] GC(31) CMS: 96872K->97683K(393216K)
[2019-12-24T12:03:38.652-0300][400,422s] GC(31) Metaspace: 50610K->50610K(1095680K)
[2019-12-24T12:03:38.652-0300][400,422s] GC(31) Pause Young (Allocation Failure) 199M->116M(490M) 12,515ms
[2019-12-24T12:03:38.652-0300][400,422s] GC(31) User=0,05s Sys=0,00s Real=0,01s
[2019-12-24T12:14:53.429-0300][1075,199s] Heap
[2019-12-24T12:14:53.429-0300][1075,199s]  par new generation   total 109248K, used 98062K [0x00000000e0000000, 0x00000000e8000000, 0x00000000e8000000)
[2019-12-24T12:14:53.429-0300][1075,199s]   eden space 87424K,  87% used [0x00000000e0000000, 0x00000000e4a73be0, 0x00000000e5560000)
[2019-12-24T12:14:53.429-0300][1075,199s]   from space 21824K, 100% used [0x00000000e5560000, 0x00000000e6ab0000, 0x00000000e6ab0000)
[2019-12-24T12:14:53.429-0300][1075,199s]   to   space 21824K,   0% used [0x00000000e6ab0000, 0x00000000e6ab0000, 0x00000000e8000000)
[2019-12-24T12:14:53.429-0300][1075,199s]  concurrent mark-sweep generation total 393216K, used 97683K [0x00000000e8000000, 0x0000000100000000, 0x0000000100000000)
[2019-12-24T12:14:53.429-0300][1075,199s]  Metaspace       used 51502K, capacity 52879K, committed 52972K, reserved 1095680K
[2019-12-24T12:14:53.429-0300][1075,199s]   class space    used 5862K, capacity 6415K, committed 6448K, reserved 1048576K
