[2019-12-24T10:35:17.375-0300][0.010s] Using Concurrent Mark Sweep
[2019-12-24T10:35:17.375-0300][0.010s] Heap address: 0x00000000e0000000, size: 512 MB, Compressed Oops mode: 32-bit
[2019-12-24T10:35:18.736-0300][1,372s] GC(0) Pause Young (Allocation Failure)
[2019-12-24T10:35:18.736-0300][1,372s] GC(0) Using 4 workers of 4 for evacuation
[2019-12-24T10:35:18.755-0300][1,391s] GC(0) ParNew: 87424K->9548K(109248K)
[2019-12-24T10:35:18.755-0300][1,391s] GC(0) CMS: 0K->0K(393216K)
[2019-12-24T10:35:18.755-0300][1,391s] GC(0) Metaspace: 14158K->14158K(1062912K)
[2019-12-24T10:35:18.755-0300][1,391s] GC(0) Pause Young (Allocation Failure) 85M->9M(490M) 18,904ms
[2019-12-24T10:35:18.755-0300][1,391s] GC(0) User=0,06s Sys=0,00s Real=0,02s
[2019-12-24T10:35:19.635-0300][2,271s] GC(1) Pause Young (Allocation Failure)
[2019-12-24T10:35:19.635-0300][2,271s] GC(1) Using 4 workers of 4 for evacuation
[2019-12-24T10:35:19.651-0300][2,287s] GC(1) ParNew: 96972K->14592K(109248K)
[2019-12-24T10:35:19.651-0300][2,287s] GC(1) CMS: 0K->0K(393216K)
[2019-12-24T10:35:19.651-0300][2,287s] GC(1) Metaspace: 21921K->21921K(1069056K)
[2019-12-24T10:35:19.651-0300][2,287s] GC(1) Pause Young (Allocation Failure) 94M->14M(490M) 15,614ms
[2019-12-24T10:35:19.651-0300][2,287s] GC(1) User=0,06s Sys=0,01s Real=0,01s
[2019-12-24T10:35:19.651-0300][2,287s] GC(2) Pause Initial Mark
[2019-12-24T10:35:19.655-0300][2,291s] GC(2) Pause Initial Mark 15M->15M(490M) 3,542ms
[2019-12-24T10:35:19.655-0300][2,291s] GC(2) User=0,01s Sys=0,00s Real=0,01s
[2019-12-24T10:35:19.655-0300][2,291s] GC(2) Concurrent Mark
[2019-12-24T10:35:19.667-0300][2,303s] GC(2) Using 4 workers of 4 for marking
[2019-12-24T10:35:19.672-0300][2,308s] GC(2) Concurrent Mark 17,061ms
[2019-12-24T10:35:19.672-0300][2,308s] GC(2) User=0,05s Sys=0,00s Real=0,02s
[2019-12-24T10:35:19.672-0300][2,308s] GC(2) Concurrent Preclean
[2019-12-24T10:35:19.673-0300][2,309s] GC(2) Concurrent Preclean 0,613ms
[2019-12-24T10:35:19.673-0300][2,309s] GC(2) User=0,01s Sys=0,00s Real=0,00s
[2019-12-24T10:35:19.673-0300][2,309s] GC(2) Concurrent Abortable Preclean
[2019-12-24T10:35:20.136-0300][2,772s] GC(2) Concurrent Abortable Preclean 462,949ms
[2019-12-24T10:35:20.136-0300][2,772s] GC(2) User=1,39s Sys=0,03s Real=0,46s
[2019-12-24T10:35:20.136-0300][2,772s] GC(2) Pause Remark
[2019-12-24T10:35:20.136-0300][2,772s] GC(3) Pause Young (CMS Final Remark)
[2019-12-24T10:35:20.136-0300][2,772s] GC(3) Using 4 workers of 4 for evacuation
[2019-12-24T10:35:20.150-0300][2,786s] GC(3) ParNew: 59615K->15012K(109248K)
[2019-12-24T10:35:20.150-0300][2,786s] GC(3) CMS: 0K->0K(393216K)
[2019-12-24T10:35:20.150-0300][2,786s] GC(3) Metaspace: 26083K->26083K(1073152K)
[2019-12-24T10:35:20.150-0300][2,786s] GC(3) Pause Young (CMS Final Remark) 58M->14M(490M) 14,118ms
[2019-12-24T10:35:20.150-0300][2,786s] GC(3) User=0,04s Sys=0,00s Real=0,01s
[2019-12-24T10:35:20.159-0300][2,795s] GC(2) Pause Remark 58M->14M(490M) 23,142ms
[2019-12-24T10:35:20.159-0300][2,795s] GC(2) User=0,06s Sys=0,00s Real=0,02s
[2019-12-24T10:35:20.159-0300][2,795s] GC(2) Concurrent Sweep
[2019-12-24T10:35:20.159-0300][2,795s] GC(2) Concurrent Sweep 0,030ms
[2019-12-24T10:35:20.159-0300][2,795s] GC(2) User=0,00s Sys=0,00s Real=0,00s
[2019-12-24T10:35:20.159-0300][2,795s] GC(2) Concurrent Reset
[2019-12-24T10:35:20.163-0300][2,799s] GC(2) Concurrent Reset 4,087ms
[2019-12-24T10:35:20.164-0300][2,799s] GC(2) User=0,00s Sys=0,01s Real=0,00s
[2019-12-24T10:35:20.164-0300][2,799s] GC(2) Old: 0K->0K(393216K)
[2019-12-24T10:36:09.989-0300][52,625s] Heap
[2019-12-24T10:36:09.989-0300][52,625s]  par new generation   total 109248K, used 24649K [0x00000000e0000000, 0x00000000e8000000, 0x00000000e8000000)
[2019-12-24T10:36:09.989-0300][52,625s]   eden space 87424K,  11% used [0x00000000e0000000, 0x00000000e0969468, 0x00000000e5560000)
[2019-12-24T10:36:09.989-0300][52,625s]   from space 21824K,  68% used [0x00000000e6ab0000, 0x00000000e79590c0, 0x00000000e8000000)
[2019-12-24T10:36:09.989-0300][52,625s]   to   space 21824K,   0% used [0x00000000e5560000, 0x00000000e5560000, 0x00000000e6ab0000)
[2019-12-24T10:36:09.989-0300][52,625s]  concurrent mark-sweep generation total 393216K, used 0K [0x00000000e8000000, 0x0000000100000000, 0x0000000100000000)
[2019-12-24T10:36:09.989-0300][52,625s]  Metaspace       used 26742K, capacity 27417K, committed 27760K, reserved 1073152K
[2019-12-24T10:36:09.989-0300][52,625s]   class space    used 3171K, capacity 3458K, committed 3556K, reserved 1048576K
