[2019-12-24T10:50:03.754-0300][0.013s] Using Concurrent Mark Sweep
[2019-12-24T10:50:03.754-0300][0.013s] Heap address: 0x00000000e0000000, size: 512 MB, Compressed Oops mode: 32-bit
[2019-12-24T10:50:05.429-0300][1,689s] GC(0) Pause Young (Allocation Failure)
[2019-12-24T10:50:05.429-0300][1,689s] GC(0) Using 4 workers of 4 for evacuation
[2019-12-24T10:50:05.440-0300][1,699s] GC(0) ParNew: 87424K->9548K(109248K)
[2019-12-24T10:50:05.440-0300][1,699s] GC(0) CMS: 0K->0K(393216K)
[2019-12-24T10:50:05.440-0300][1,699s] GC(0) Metaspace: 14138K->14138K(1062912K)
[2019-12-24T10:50:05.440-0300][1,699s] GC(0) Pause Young (Allocation Failure) 85M->9M(490M) 10,275ms
[2019-12-24T10:50:05.440-0300][1,699s] GC(0) User=0,03s Sys=0,00s Real=0,01s
[2019-12-24T10:50:06.392-0300][2,651s] GC(1) Pause Young (Allocation Failure)
[2019-12-24T10:50:06.392-0300][2,651s] GC(1) Using 4 workers of 4 for evacuation
[2019-12-24T10:50:06.403-0300][2,663s] GC(1) ParNew: 96972K->13870K(109248K)
[2019-12-24T10:50:06.403-0300][2,663s] GC(1) CMS: 0K->0K(393216K)
[2019-12-24T10:50:06.403-0300][2,663s] GC(1) Metaspace: 20177K->20177K(1067008K)
[2019-12-24T10:50:06.403-0300][2,663s] GC(1) Pause Young (Allocation Failure) 94M->13M(490M) 11,811ms
[2019-12-24T10:50:06.403-0300][2,663s] GC(1) User=0,05s Sys=0,00s Real=0,01s
[2019-12-24T10:50:08.403-0300][4,662s] GC(2) Pause Initial Mark
[2019-12-24T10:50:08.435-0300][4,694s] GC(2) Pause Initial Mark 67M->67M(490M) 32,055ms
[2019-12-24T10:50:08.435-0300][4,695s] GC(2) User=0,13s Sys=0,00s Real=0,04s
[2019-12-24T10:50:08.435-0300][4,695s] GC(2) Concurrent Mark
[2019-12-24T10:50:08.436-0300][4,695s] GC(2) Using 4 workers of 4 for marking
[2019-12-24T10:50:08.437-0300][4,697s] GC(2) Concurrent Mark 2,070ms
[2019-12-24T10:50:08.437-0300][4,697s] GC(2) User=0,00s Sys=0,00s Real=0,00s
[2019-12-24T10:50:08.437-0300][4,697s] GC(2) Concurrent Preclean
[2019-12-24T10:50:08.440-0300][4,699s] GC(2) Concurrent Preclean 2,214ms
[2019-12-24T10:50:08.440-0300][4,699s] GC(2) User=0,00s Sys=0,00s Real=0,00s
[2019-12-24T10:50:08.440-0300][4,699s] GC(2) Concurrent Abortable Preclean
[2019-12-24T10:50:14.612-0300][10,871s] GC(2) Concurrent Abortable Preclean 6172,227ms
[2019-12-24T10:50:14.612-0300][10,871s] GC(2) User=2,28s Sys=0,01s Real=6,18s
[2019-12-24T10:50:14.612-0300][10,872s] GC(2) Pause Remark
[2019-12-24T10:50:14.612-0300][10,872s] GC(3) Pause Young (CMS Final Remark)
[2019-12-24T10:50:14.612-0300][10,872s] GC(3) Using 4 workers of 4 for evacuation
[2019-12-24T10:50:14.634-0300][10,893s] GC(3) ParNew: 68760K->16682K(109248K)
[2019-12-24T10:50:14.635-0300][10,895s] GC(3) CMS: 0K->0K(393216K)
[2019-12-24T10:50:14.635-0300][10,895s] GC(3) Metaspace: 26608K->26608K(1073152K)
[2019-12-24T10:50:14.635-0300][10,895s] GC(3) Pause Young (CMS Final Remark) 67M->16M(490M) 23,258ms
[2019-12-24T10:50:14.635-0300][10,895s] GC(3) User=0,05s Sys=0,00s Real=0,02s
[2019-12-24T10:50:14.655-0300][10,914s] GC(2) Pause Remark 67M->16M(490M) 42,693ms
[2019-12-24T10:50:14.655-0300][10,914s] GC(2) User=0,08s Sys=0,00s Real=0,04s
[2019-12-24T10:50:14.655-0300][10,914s] GC(2) Concurrent Sweep
[2019-12-24T10:50:14.655-0300][10,914s] GC(2) Concurrent Sweep 0,037ms
[2019-12-24T10:50:14.655-0300][10,914s] GC(2) User=0,00s Sys=0,00s Real=0,00s
[2019-12-24T10:50:14.655-0300][10,914s] GC(2) Concurrent Reset
[2019-12-24T10:50:14.659-0300][10,918s] GC(2) Concurrent Reset 3,804ms
[2019-12-24T10:50:14.659-0300][10,918s] GC(2) User=0,00s Sys=0,00s Real=0,00s
[2019-12-24T10:50:14.659-0300][10,918s] GC(2) Old: 0K->0K(393216K)
[2019-12-24T10:53:06.993-0300][183,252s] GC(4) Pause Young (Allocation Failure)
[2019-12-24T10:53:06.993-0300][183,252s] GC(4) Using 4 workers of 4 for evacuation
[2019-12-24T10:53:07.011-0300][183,270s] GC(4) ParNew: 104106K->21824K(109248K)
[2019-12-24T10:53:07.011-0300][183,270s] GC(4) CMS: 0K->0K(393216K)
[2019-12-24T10:53:07.011-0300][183,270s] GC(4) Metaspace: 32649K->32649K(1079296K)
[2019-12-24T10:53:07.011-0300][183,270s] GC(4) Pause Young (Allocation Failure) 101M->21M(490M) 17,587ms
[2019-12-24T10:53:07.011-0300][183,270s] GC(4) User=0,05s Sys=0,00s Real=0,01s
[2019-12-24T10:53:07.178-0300][183,437s] GC(5) Pause Young (Allocation Failure)
[2019-12-24T10:53:07.178-0300][183,438s] GC(5) Using 4 workers of 4 for evacuation
[2019-12-24T10:53:07.197-0300][183,456s] GC(5) ParNew: 109248K->21367K(109248K)
[2019-12-24T10:53:07.197-0300][183,456s] GC(5) CMS: 0K->0K(393216K)
[2019-12-24T10:53:07.197-0300][183,456s] GC(5) Metaspace: 33232K->33232K(1079296K)
[2019-12-24T10:53:07.197-0300][183,456s] GC(5) Pause Young (Allocation Failure) 106M->20M(490M) 19,000ms
[2019-12-24T10:53:07.197-0300][183,457s] GC(5) User=0,07s Sys=0,00s Real=0,02s
[2019-12-24T10:53:07.661-0300][183,921s] GC(6) Pause Young (Allocation Failure)
[2019-12-24T10:53:07.661-0300][183,921s] GC(6) Using 4 workers of 4 for evacuation
[2019-12-24T10:53:07.682-0300][183,941s] GC(6) ParNew: 108791K->21824K(109248K)
[2019-12-24T10:53:07.682-0300][183,941s] GC(6) CMS: 0K->1392K(393216K)
[2019-12-24T10:53:07.682-0300][183,941s] GC(6) Metaspace: 35131K->35131K(1081344K)
[2019-12-24T10:53:07.682-0300][183,941s] GC(6) Pause Young (Allocation Failure) 106M->22M(490M) 20,407ms
[2019-12-24T10:53:07.682-0300][183,941s] GC(6) User=0,08s Sys=0,00s Real=0,02s
[2019-12-24T10:53:08.200-0300][184,459s] GC(7) Pause Young (Allocation Failure)
[2019-12-24T10:53:08.200-0300][184,459s] GC(7) Using 4 workers of 4 for evacuation
[2019-12-24T10:53:08.233-0300][184,492s] GC(7) ParNew: 109248K->18299K(109248K)
[2019-12-24T10:53:08.233-0300][184,492s] GC(7) CMS: 1392K->10115K(393216K)
[2019-12-24T10:53:08.233-0300][184,492s] GC(7) Metaspace: 40383K->40383K(1085440K)
[2019-12-24T10:53:08.233-0300][184,492s] GC(7) Pause Young (Allocation Failure) 108M->27M(490M) 33,344ms
[2019-12-24T10:53:08.233-0300][184,492s] GC(7) User=0,09s Sys=0,00s Real=0,04s
[2019-12-24T10:53:08.775-0300][185,034s] GC(8) Pause Young (Allocation Failure)
[2019-12-24T10:53:08.775-0300][185,034s] GC(8) Using 4 workers of 4 for evacuation
[2019-12-24T10:53:08.793-0300][185,052s] GC(8) ParNew: 105698K->21671K(109248K)
[2019-12-24T10:53:08.793-0300][185,052s] GC(8) CMS: 10115K->10115K(393216K)
[2019-12-24T10:53:08.793-0300][185,052s] GC(8) Metaspace: 43304K->43304K(1087488K)
[2019-12-24T10:53:08.793-0300][185,052s] GC(8) Pause Young (Allocation Failure) 113M->31M(490M) 18,537ms
[2019-12-24T10:53:08.793-0300][185,052s] GC(8) User=0,08s Sys=0,00s Real=0,02s
[2019-12-24T10:53:08.888-0300][185,147s] GC(9) Pause Young (Allocation Failure)
[2019-12-24T10:53:08.888-0300][185,147s] GC(9) Using 4 workers of 4 for evacuation
[2019-12-24T10:53:08.902-0300][185,161s] GC(9) ParNew: 109095K->19543K(109248K)
[2019-12-24T10:53:08.902-0300][185,161s] GC(9) CMS: 10115K->10115K(393216K)
[2019-12-24T10:53:08.902-0300][185,161s] GC(9) Metaspace: 43336K->43336K(1087488K)
[2019-12-24T10:53:08.902-0300][185,161s] GC(9) Pause Young (Allocation Failure) 116M->28M(490M) 14,082ms
[2019-12-24T10:53:08.902-0300][185,161s] GC(9) User=0,06s Sys=0,00s Real=0,01s
[2019-12-24T10:57:30.423-0300][446,682s] GC(10) Pause Young (Allocation Failure)
[2019-12-24T10:57:30.423-0300][446,682s] GC(10) Using 4 workers of 4 for evacuation
[2019-12-24T10:57:30.437-0300][446,697s] GC(10) ParNew: 106967K->19073K(109248K)
[2019-12-24T10:57:30.437-0300][446,697s] GC(10) CMS: 10115K->11594K(393216K)
[2019-12-24T10:57:30.437-0300][446,697s] GC(10) Metaspace: 44704K->44704K(1089536K)
[2019-12-24T10:57:30.437-0300][446,697s] GC(10) Pause Young (Allocation Failure) 114M->29M(490M) 14,465ms
[2019-12-24T10:57:30.437-0300][446,697s] GC(10) User=0,05s Sys=0,00s Real=0,02s
[2019-12-24T10:57:30.438-0300][446,697s] GC(11) Pause Initial Mark
[2019-12-24T10:57:30.442-0300][446,701s] GC(11) Pause Initial Mark 30M->30M(490M) 4,323ms
[2019-12-24T10:57:30.442-0300][446,701s] GC(11) User=0,02s Sys=0,00s Real=0,00s
[2019-12-24T10:57:30.442-0300][446,701s] GC(11) Concurrent Mark
[2019-12-24T10:57:30.442-0300][446,701s] GC(11) Using 4 workers of 4 for marking
[2019-12-24T10:57:30.450-0300][446,710s] GC(11) Concurrent Mark 8,441ms
[2019-12-24T10:57:30.450-0300][446,710s] GC(11) User=0,02s Sys=0,00s Real=0,01s
[2019-12-24T10:57:30.450-0300][446,710s] GC(11) Concurrent Preclean
[2019-12-24T10:57:30.451-0300][446,711s] GC(11) Concurrent Preclean 0,926ms
[2019-12-24T10:57:30.451-0300][446,711s] GC(11) User=0,00s Sys=0,00s Real=0,00s
[2019-12-24T10:57:30.451-0300][446,711s] GC(11) Concurrent Abortable Preclean
[2019-12-24T10:57:30.528-0300][446,787s] GC(12) Pause Young (Allocation Failure)
[2019-12-24T10:57:30.528-0300][446,787s] GC(12) Using 4 workers of 4 for evacuation
[2019-12-24T10:57:30.545-0300][446,805s] GC(12) ParNew: 106497K->19149K(109248K)
[2019-12-24T10:57:30.545-0300][446,805s] GC(12) CMS: 11594K->13968K(393216K)
[2019-12-24T10:57:30.545-0300][446,805s] GC(12) Metaspace: 44725K->44725K(1089536K)
[2019-12-24T10:57:30.545-0300][446,805s] GC(12) Pause Young (Allocation Failure) 115M->32M(490M) 17,841ms
[2019-12-24T10:57:30.545-0300][446,805s] GC(12) User=0,06s Sys=0,00s Real=0,02s
[2019-12-24T10:57:30.551-0300][446,810s] GC(11) Concurrent Abortable Preclean 99,738ms
[2019-12-24T10:57:30.551-0300][446,811s] GC(11) User=0,32s Sys=0,00s Real=0,10s
[2019-12-24T10:57:30.551-0300][446,811s] GC(11) Pause Remark
[2019-12-24T10:57:30.551-0300][446,811s] GC(13) Pause Young (CMS Final Remark)
[2019-12-24T10:57:30.551-0300][446,811s] GC(13) Using 4 workers of 4 for evacuation
[2019-12-24T10:57:30.564-0300][446,823s] GC(13) ParNew: 25713K->14877K(109248K)
[2019-12-24T10:57:30.564-0300][446,823s] GC(13) CMS: 13968K->16349K(393216K)
[2019-12-24T10:57:30.564-0300][446,823s] GC(13) Metaspace: 44727K->44727K(1089536K)
[2019-12-24T10:57:30.564-0300][446,823s] GC(13) Pause Young (CMS Final Remark) 38M->30M(490M) 12,432ms
[2019-12-24T10:57:30.564-0300][446,823s] GC(13) User=0,05s Sys=0,00s Real=0,01s
[2019-12-24T10:57:30.574-0300][446,833s] GC(11) Pause Remark 38M->30M(490M) 22,780ms
[2019-12-24T10:57:30.574-0300][446,833s] GC(11) User=0,07s Sys=0,00s Real=0,03s
[2019-12-24T10:57:30.574-0300][446,834s] GC(11) Concurrent Sweep
[2019-12-24T10:57:30.579-0300][446,838s] GC(11) Concurrent Sweep 4,875ms
[2019-12-24T10:57:30.579-0300][446,838s] GC(11) User=0,01s Sys=0,00s Real=0,00s
[2019-12-24T10:57:30.579-0300][446,838s] GC(11) Concurrent Reset
[2019-12-24T10:57:30.579-0300][446,839s] GC(11) Concurrent Reset 0,338ms
[2019-12-24T10:57:30.579-0300][446,839s] GC(11) User=0,00s Sys=0,00s Real=0,00s
[2019-12-24T10:57:30.579-0300][446,839s] GC(11) Old: 11594K->16321K(393216K)
[2019-12-24T10:57:37.870-0300][454,129s] GC(14) Pause Young (Allocation Failure)
[2019-12-24T10:57:37.870-0300][454,129s] GC(14) Using 4 workers of 4 for evacuation
[2019-12-24T10:57:37.900-0300][454,159s] GC(14) ParNew: 101599K->15036K(109248K)
[2019-12-24T10:57:37.900-0300][454,159s] GC(14) CMS: 16321K->16502K(393216K)
[2019-12-24T10:57:37.900-0300][454,159s] GC(14) Metaspace: 45617K->45617K(1091584K)
[2019-12-24T10:57:37.900-0300][454,159s] GC(14) Pause Young (Allocation Failure) 115M->30M(490M) 30,252ms
[2019-12-24T10:57:37.900-0300][454,159s] GC(14) User=0,05s Sys=0,01s Real=0,03s
[2019-12-24T10:57:39.957-0300][456,217s] GC(15) Pause Young (Allocation Failure)
[2019-12-24T10:57:39.957-0300][456,217s] GC(15) Using 4 workers of 4 for evacuation
[2019-12-24T10:57:39.995-0300][456,255s] GC(15) ParNew: 102460K->21824K(109248K)
[2019-12-24T10:57:39.995-0300][456,255s] GC(15) CMS: 16502K->43005K(393216K)
[2019-12-24T10:57:39.995-0300][456,255s] GC(15) Metaspace: 46794K->46794K(1091584K)
[2019-12-24T10:57:39.995-0300][456,255s] GC(15) Pause Young (Allocation Failure) 116M->63M(490M) 37,889ms
[2019-12-24T10:57:39.995-0300][456,255s] GC(15) User=0,08s Sys=0,01s Real=0,04s
[2019-12-24T10:57:53.777-0300][470,036s] GC(16) Pause Young (Allocation Failure)
[2019-12-24T10:57:53.777-0300][470,036s] GC(16) Using 4 workers of 4 for evacuation
[2019-12-24T10:57:53.806-0300][470,065s] GC(16) ParNew: 109248K->21824K(109248K)
[2019-12-24T10:57:53.806-0300][470,065s] GC(16) CMS: 43005K->49362K(393216K)
[2019-12-24T10:57:53.806-0300][470,065s] GC(16) Metaspace: 47235K->47235K(1091584K)
[2019-12-24T10:57:53.806-0300][470,065s] GC(16) Pause Young (Allocation Failure) 148M->69M(490M) 29,282ms
[2019-12-24T10:57:53.806-0300][470,065s] GC(16) User=0,08s Sys=0,00s Real=0,03s
[2019-12-24T10:57:54.217-0300][470,477s] GC(17) Pause Young (Allocation Failure)
[2019-12-24T10:57:54.217-0300][470,477s] GC(17) Using 4 workers of 4 for evacuation
[2019-12-24T10:57:54.234-0300][470,493s] GC(17) ParNew: 109248K->21824K(109248K)
[2019-12-24T10:57:54.234-0300][470,493s] GC(17) CMS: 49362K->52817K(393216K)
[2019-12-24T10:57:54.234-0300][470,493s] GC(17) Metaspace: 48023K->48023K(1093632K)
[2019-12-24T10:57:54.234-0300][470,493s] GC(17) Pause Young (Allocation Failure) 154M->72M(490M) 16,771ms
[2019-12-24T10:57:54.234-0300][470,493s] GC(17) User=0,05s Sys=0,00s Real=0,02s
[2019-12-24T10:57:54.428-0300][470,688s] GC(18) Pause Young (Allocation Failure)
[2019-12-24T10:57:54.428-0300][470,688s] GC(18) Using 4 workers of 4 for evacuation
[2019-12-24T10:57:54.455-0300][470,715s] GC(18) ParNew: 109148K->17845K(109248K)
[2019-12-24T10:57:54.455-0300][470,715s] GC(18) CMS: 52817K->67718K(393216K)
[2019-12-24T10:57:54.455-0300][470,715s] GC(18) Metaspace: 48126K->48126K(1093632K)
[2019-12-24T10:57:54.455-0300][470,715s] GC(18) Pause Young (Allocation Failure) 158M->83M(490M) 27,024ms
[2019-12-24T10:57:54.455-0300][470,715s] GC(18) User=0,06s Sys=0,00s Real=0,03s
[2019-12-24T11:01:03.604-0300][659,863s] Heap
[2019-12-24T11:01:03.604-0300][659,863s]  par new generation   total 109248K, used 80753K [0x00000000e0000000, 0x00000000e8000000, 0x00000000e8000000)
[2019-12-24T11:01:03.604-0300][659,863s]   eden space 87424K,  71% used [0x00000000e0000000, 0x00000000e3d6f2b8, 0x00000000e5560000)
[2019-12-24T11:01:03.604-0300][659,863s]   from space 21824K,  81% used [0x00000000e6ab0000, 0x00000000e7c1d4e0, 0x00000000e8000000)
[2019-12-24T11:01:03.604-0300][659,863s]   to   space 21824K,   0% used [0x00000000e5560000, 0x00000000e5560000, 0x00000000e6ab0000)
[2019-12-24T11:01:03.604-0300][659,863s]  concurrent mark-sweep generation total 393216K, used 67718K [0x00000000e8000000, 0x0000000100000000, 0x0000000100000000)
[2019-12-24T11:01:03.604-0300][659,863s]  Metaspace       used 49174K, capacity 50413K, committed 50488K, reserved 1093632K
[2019-12-24T11:01:03.604-0300][659,863s]   class space    used 5687K, capacity 6188K, committed 6244K, reserved 1048576K
