[2019-12-24T11:54:39.356-0300][0.007s] Using Concurrent Mark Sweep
[2019-12-24T11:54:39.356-0300][0.007s] Heap address: 0x00000000e0000000, size: 512 MB, Compressed Oops mode: 32-bit
[2019-12-24T11:54:40.861-0300][1,512s] GC(0) Pause Young (Allocation Failure)
[2019-12-24T11:54:40.861-0300][1,512s] GC(0) Using 4 workers of 4 for evacuation
[2019-12-24T11:54:40.872-0300][1,523s] GC(0) ParNew: 87424K->9557K(109248K)
[2019-12-24T11:54:40.872-0300][1,523s] GC(0) CMS: 0K->0K(393216K)
[2019-12-24T11:54:40.872-0300][1,523s] GC(0) Metaspace: 14132K->14132K(1062912K)
[2019-12-24T11:54:40.872-0300][1,523s] GC(0) Pause Young (Allocation Failure) 85M->9M(490M) 10,997ms
[2019-12-24T11:54:40.872-0300][1,523s] GC(0) User=0,03s Sys=0,00s Real=0,01s
[2019-12-24T11:54:41.855-0300][2,506s] GC(1) Pause Young (Allocation Failure)
[2019-12-24T11:54:41.855-0300][2,506s] GC(1) Using 4 workers of 4 for evacuation
[2019-12-24T11:54:41.871-0300][2,522s] GC(1) ParNew: 96981K->14963K(109248K)
[2019-12-24T11:54:41.871-0300][2,522s] GC(1) CMS: 0K->0K(393216K)
[2019-12-24T11:54:41.871-0300][2,522s] GC(1) Metaspace: 22009K->22009K(1069056K)
[2019-12-24T11:54:41.871-0300][2,522s] GC(1) Pause Young (Allocation Failure) 94M->14M(490M) 15,619ms
[2019-12-24T11:54:41.871-0300][2,522s] GC(1) User=0,06s Sys=0,00s Real=0,01s
[2019-12-24T11:54:41.871-0300][2,522s] GC(2) Pause Initial Mark
[2019-12-24T11:54:41.874-0300][2,525s] GC(2) Pause Initial Mark 16M->16M(490M) 2,651ms
[2019-12-24T11:54:41.874-0300][2,525s] GC(2) User=0,01s Sys=0,00s Real=0,01s
[2019-12-24T11:54:41.874-0300][2,525s] GC(2) Concurrent Mark
[2019-12-24T11:54:41.875-0300][2,526s] GC(2) Using 4 workers of 4 for marking
[2019-12-24T11:54:41.884-0300][2,535s] GC(2) Concurrent Mark 10,368ms
[2019-12-24T11:54:41.884-0300][2,535s] GC(2) User=0,02s Sys=0,00s Real=0,01s
[2019-12-24T11:54:41.884-0300][2,535s] GC(2) Concurrent Preclean
[2019-12-24T11:54:41.885-0300][2,536s] GC(2) Concurrent Preclean 0,946ms
[2019-12-24T11:54:41.885-0300][2,536s] GC(2) User=0,00s Sys=0,00s Real=0,00s
[2019-12-24T11:54:41.885-0300][2,536s] GC(2) Concurrent Abortable Preclean
[2019-12-24T11:54:42.541-0300][3,192s] GC(2) Concurrent Abortable Preclean 655,669ms
[2019-12-24T11:54:42.541-0300][3,192s] GC(2) User=1,69s Sys=0,05s Real=0,65s
[2019-12-24T11:54:42.545-0300][3,197s] GC(2) Pause Remark
[2019-12-24T11:54:42.575-0300][3,226s] GC(2) Pause Remark 58M->58M(490M) 29,064ms
[2019-12-24T11:54:42.575-0300][3,226s] GC(2) User=0,07s Sys=0,00s Real=0,03s
[2019-12-24T11:54:42.575-0300][3,226s] GC(2) Concurrent Sweep
[2019-12-24T11:54:42.575-0300][3,226s] GC(2) Concurrent Sweep 0,036ms
[2019-12-24T11:54:42.575-0300][3,226s] GC(2) User=0,00s Sys=0,00s Real=0,00s
[2019-12-24T11:54:42.575-0300][3,226s] GC(2) Concurrent Reset
[2019-12-24T11:54:42.578-0300][3,229s] GC(2) Concurrent Reset 3,099ms
[2019-12-24T11:54:42.578-0300][3,229s] GC(2) User=0,00s Sys=0,00s Real=0,00s
[2019-12-24T11:54:42.578-0300][3,229s] GC(2) Old: 0K->0K(393216K)
[2019-12-24T11:54:42.579-0300][3,230s] GC(3) Pause Young (GCLocker Initiated GC)
[2019-12-24T11:54:42.579-0300][3,230s] GC(3) Using 4 workers of 4 for evacuation
[2019-12-24T11:54:42.601-0300][3,252s] GC(3) ParNew: 59714K->19488K(109248K)
[2019-12-24T11:54:42.601-0300][3,252s] GC(3) CMS: 0K->0K(393216K)
[2019-12-24T11:54:42.601-0300][3,252s] GC(3) Metaspace: 25484K->25484K(1073152K)
[2019-12-24T11:54:42.601-0300][3,252s] GC(3) Pause Young (GCLocker Initiated GC) 58M->19M(490M) 22,146ms
[2019-12-24T11:54:42.601-0300][3,252s] GC(3) User=0,05s Sys=0,01s Real=0,02s
[2019-12-24T11:54:43.083-0300][3,734s] GC(4) Pause Young (Allocation Failure)
[2019-12-24T11:54:43.083-0300][3,734s] GC(4) Using 4 workers of 4 for evacuation
[2019-12-24T11:54:43.105-0300][3,756s] GC(4) ParNew: 106912K->18888K(109248K)
[2019-12-24T11:54:43.105-0300][3,756s] GC(4) CMS: 0K->0K(393216K)
[2019-12-24T11:54:43.105-0300][3,756s] GC(4) Metaspace: 29426K->29426K(1075200K)
[2019-12-24T11:54:43.105-0300][3,756s] GC(4) Pause Young (Allocation Failure) 104M->18M(490M) 21,815ms
[2019-12-24T11:54:43.105-0300][3,756s] GC(4) User=0,07s Sys=0,01s Real=0,03s
[2019-12-24T11:54:43.341-0300][3,992s] GC(5) Pause Young (Allocation Failure)
[2019-12-24T11:54:43.341-0300][3,992s] GC(5) Using 4 workers of 4 for evacuation
[2019-12-24T11:54:43.370-0300][4,021s] GC(5) ParNew: 106312K->21824K(109248K)
[2019-12-24T11:54:43.370-0300][4,021s] GC(5) CMS: 0K->0K(393216K)
[2019-12-24T11:54:43.370-0300][4,021s] GC(5) Metaspace: 29814K->29814K(1077248K)
[2019-12-24T11:54:43.370-0300][4,021s] GC(5) Pause Young (Allocation Failure) 103M->21M(490M) 29,469ms
[2019-12-24T11:54:43.370-0300][4,021s] GC(5) User=0,05s Sys=0,00s Real=0,03s
[2019-12-24T11:54:45.258-0300][5,909s] GC(6) Pause Young (Allocation Failure)
[2019-12-24T11:54:45.258-0300][5,909s] GC(6) Using 4 workers of 4 for evacuation
[2019-12-24T11:54:45.281-0300][5,932s] GC(6) ParNew: 109248K->21824K(109248K)
[2019-12-24T11:54:45.281-0300][5,932s] GC(6) CMS: 0K->2K(393216K)
[2019-12-24T11:54:45.281-0300][5,932s] GC(6) Metaspace: 33376K->33376K(1079296K)
[2019-12-24T11:54:45.281-0300][5,932s] GC(6) Pause Young (Allocation Failure) 106M->21M(490M) 23,768ms
[2019-12-24T11:54:45.281-0300][5,932s] GC(6) User=0,06s Sys=0,00s Real=0,02s
[2019-12-24T11:54:46.294-0300][6,945s] GC(7) Pause Young (Allocation Failure)
[2019-12-24T11:54:46.294-0300][6,945s] GC(7) Using 4 workers of 4 for evacuation
[2019-12-24T11:54:46.370-0300][7,021s] GC(7) ParNew: 109248K->21824K(109248K)
[2019-12-24T11:54:46.370-0300][7,021s] GC(7) CMS: 2K->1417K(393216K)
[2019-12-24T11:54:46.370-0300][7,021s] GC(7) Metaspace: 38332K->38332K(1083392K)
[2019-12-24T11:54:46.370-0300][7,021s] GC(7) Pause Young (Allocation Failure) 106M->22M(490M) 76,454ms
[2019-12-24T11:54:46.370-0300][7,021s] GC(7) User=0,12s Sys=0,01s Real=0,07s
[2019-12-24T11:55:50.497-0300][71,148s] Heap
[2019-12-24T11:55:50.497-0300][71,148s]  par new generation   total 109248K, used 65840K [0x00000000e0000000, 0x00000000e8000000, 0x00000000e8000000)
[2019-12-24T11:55:50.497-0300][71,148s]   eden space 87424K,  50% used [0x00000000e0000000, 0x00000000e2afc028, 0x00000000e5560000)
[2019-12-24T11:55:50.497-0300][71,148s]   from space 21824K, 100% used [0x00000000e6ab0000, 0x00000000e8000000, 0x00000000e8000000)
[2019-12-24T11:55:50.497-0300][71,148s]   to   space 21824K,   0% used [0x00000000e5560000, 0x00000000e5560000, 0x00000000e6ab0000)
[2019-12-24T11:55:50.497-0300][71,148s]  concurrent mark-sweep generation total 393216K, used 1417K [0x00000000e8000000, 0x0000000100000000, 0x0000000100000000)
[2019-12-24T11:55:50.497-0300][71,148s]  Metaspace       used 43022K, capacity 43972K, committed 44220K, reserved 1087488K
[2019-12-24T11:55:50.497-0300][71,148s]   class space    used 5197K, capacity 5614K, committed 5680K, reserved 1048576K
