[2019-12-24T11:55:52.775-0300][0.006s] Using Concurrent Mark Sweep
[2019-12-24T11:55:52.775-0300][0.006s] Heap address: 0x00000000e0000000, size: 512 MB, Compressed Oops mode: 32-bit
[2019-12-24T11:55:54.186-0300][1,417s] GC(0) Pause Young (Allocation Failure)
[2019-12-24T11:55:54.186-0300][1,417s] GC(0) Using 4 workers of 4 for evacuation
[2019-12-24T11:55:54.196-0300][1,427s] GC(0) ParNew: 87424K->9555K(109248K)
[2019-12-24T11:55:54.196-0300][1,427s] GC(0) CMS: 0K->0K(393216K)
[2019-12-24T11:55:54.196-0300][1,427s] GC(0) Metaspace: 14119K->14119K(1062912K)
[2019-12-24T11:55:54.196-0300][1,427s] GC(0) Pause Young (Allocation Failure) 85M->9M(490M) 10,539ms
[2019-12-24T11:55:54.196-0300][1,427s] GC(0) User=0,04s Sys=0,00s Real=0,01s
[2019-12-24T11:55:55.146-0300][2,377s] GC(1) Pause Young (Allocation Failure)
[2019-12-24T11:55:55.146-0300][2,377s] GC(1) Using 4 workers of 4 for evacuation
[2019-12-24T11:55:55.158-0300][2,389s] GC(1) ParNew: 96979K->13910K(109248K)
[2019-12-24T11:55:55.158-0300][2,389s] GC(1) CMS: 0K->0K(393216K)
[2019-12-24T11:55:55.158-0300][2,389s] GC(1) Metaspace: 22189K->22189K(1069056K)
[2019-12-24T11:55:55.158-0300][2,389s] GC(1) Pause Young (Allocation Failure) 94M->13M(490M) 11,481ms
[2019-12-24T11:55:55.158-0300][2,389s] GC(1) User=0,03s Sys=0,01s Real=0,01s
[2019-12-24T11:55:55.158-0300][2,389s] GC(2) Pause Initial Mark
[2019-12-24T11:55:55.161-0300][2,392s] GC(2) Pause Initial Mark 15M->15M(490M) 3,074ms
[2019-12-24T11:55:55.161-0300][2,392s] GC(2) User=0,01s Sys=0,00s Real=0,00s
[2019-12-24T11:55:55.161-0300][2,392s] GC(2) Concurrent Mark
[2019-12-24T11:55:55.162-0300][2,393s] GC(2) Using 4 workers of 4 for marking
[2019-12-24T11:55:55.164-0300][2,395s] GC(2) Concurrent Mark 2,744ms
[2019-12-24T11:55:55.164-0300][2,395s] GC(2) User=0,01s Sys=0,00s Real=0,01s
[2019-12-24T11:55:55.164-0300][2,395s] GC(2) Concurrent Preclean
[2019-12-24T11:55:55.166-0300][2,396s] GC(2) Concurrent Preclean 1,218ms
[2019-12-24T11:55:55.166-0300][2,396s] GC(2) User=0,00s Sys=0,00s Real=0,00s
[2019-12-24T11:55:55.166-0300][2,397s] GC(2) Concurrent Abortable Preclean
[2019-12-24T11:55:55.725-0300][2,956s] GC(2) Concurrent Abortable Preclean 559,274ms
[2019-12-24T11:55:55.725-0300][2,956s] GC(2) User=1,56s Sys=0,01s Real=0,56s
[2019-12-24T11:55:55.728-0300][2,959s] GC(2) Pause Remark
[2019-12-24T11:55:55.728-0300][2,959s] GC(3) Pause Young (CMS Final Remark)
[2019-12-24T11:55:55.728-0300][2,959s] GC(3) Using 4 workers of 4 for evacuation
[2019-12-24T11:55:55.757-0300][2,988s] GC(3) ParNew: 60377K->18491K(109248K)
[2019-12-24T11:55:55.757-0300][2,988s] GC(3) CMS: 0K->0K(393216K)
[2019-12-24T11:55:55.757-0300][2,988s] GC(3) Metaspace: 26084K->26084K(1073152K)
[2019-12-24T11:55:55.757-0300][2,988s] GC(3) Pause Young (CMS Final Remark) 58M->18M(490M) 28,379ms
[2019-12-24T11:55:55.757-0300][2,988s] GC(3) User=0,09s Sys=0,00s Real=0,03s
[2019-12-24T11:55:55.767-0300][2,998s] GC(2) Pause Remark 58M->18M(490M) 38,534ms
[2019-12-24T11:55:55.767-0300][2,998s] GC(2) User=0,11s Sys=0,00s Real=0,04s
[2019-12-24T11:55:55.767-0300][2,998s] GC(2) Concurrent Sweep
[2019-12-24T11:55:55.767-0300][2,998s] GC(2) Concurrent Sweep 0,066ms
[2019-12-24T11:55:55.767-0300][2,998s] GC(2) User=0,00s Sys=0,00s Real=0,00s
[2019-12-24T11:55:55.767-0300][2,998s] GC(2) Concurrent Reset
[2019-12-24T11:55:55.782-0300][3,013s] GC(2) Concurrent Reset 14,882ms
[2019-12-24T11:55:55.782-0300][3,013s] GC(2) User=0,04s Sys=0,00s Real=0,01s
[2019-12-24T11:55:55.782-0300][3,013s] GC(2) Old: 0K->0K(393216K)
[2019-12-24T11:55:56.299-0300][3,530s] GC(4) Pause Young (Allocation Failure)
[2019-12-24T11:55:56.299-0300][3,530s] GC(4) Using 4 workers of 4 for evacuation
[2019-12-24T11:55:56.314-0300][3,544s] GC(4) ParNew: 105915K->19686K(109248K)
[2019-12-24T11:55:56.314-0300][3,544s] GC(4) CMS: 0K->0K(393216K)
[2019-12-24T11:55:56.314-0300][3,544s] GC(4) Metaspace: 29445K->29445K(1077248K)
[2019-12-24T11:55:56.314-0300][3,544s] GC(4) Pause Young (Allocation Failure) 103M->19M(490M) 14,150ms
[2019-12-24T11:55:56.314-0300][3,544s] GC(4) User=0,05s Sys=0,00s Real=0,02s
[2019-12-24T11:55:56.487-0300][3,717s] GC(5) Pause Young (Allocation Failure)
[2019-12-24T11:55:56.487-0300][3,718s] GC(5) Using 4 workers of 4 for evacuation
[2019-12-24T11:55:56.499-0300][3,730s] GC(5) ParNew: 107110K->20478K(109248K)
[2019-12-24T11:55:56.499-0300][3,730s] GC(5) CMS: 0K->0K(393216K)
[2019-12-24T11:55:56.499-0300][3,730s] GC(5) Metaspace: 29823K->29823K(1077248K)
[2019-12-24T11:55:56.499-0300][3,730s] GC(5) Pause Young (Allocation Failure) 104M->19M(490M) 12,363ms
[2019-12-24T11:55:56.499-0300][3,730s] GC(5) User=0,04s Sys=0,00s Real=0,01s
[2019-12-24T11:55:58.088-0300][5,319s] GC(6) Pause Young (Allocation Failure)
[2019-12-24T11:55:58.088-0300][5,319s] GC(6) Using 4 workers of 4 for evacuation
[2019-12-24T11:55:58.131-0300][5,362s] GC(6) ParNew: 107902K->21021K(109248K)
[2019-12-24T11:55:58.131-0300][5,362s] GC(6) CMS: 0K->0K(393216K)
[2019-12-24T11:55:58.131-0300][5,362s] GC(6) Metaspace: 33721K->33721K(1079296K)
[2019-12-24T11:55:58.131-0300][5,362s] GC(6) Pause Young (Allocation Failure) 105M->20M(490M) 42,520ms
[2019-12-24T11:55:58.131-0300][5,362s] GC(6) User=0,06s Sys=0,00s Real=0,04s
[2019-12-24T11:55:59.464-0300][6,695s] GC(7) Pause Young (Allocation Failure)
[2019-12-24T11:55:59.464-0300][6,695s] GC(7) Using 4 workers of 4 for evacuation
[2019-12-24T11:55:59.524-0300][6,755s] GC(7) ParNew: 108445K->21824K(109248K)
[2019-12-24T11:55:59.524-0300][6,755s] GC(7) CMS: 0K->1422K(393216K)
[2019-12-24T11:55:59.524-0300][6,755s] GC(7) Metaspace: 38744K->38744K(1085440K)
[2019-12-24T11:55:59.524-0300][6,755s] GC(7) Pause Young (Allocation Failure) 105M->22M(490M) 60,716ms
[2019-12-24T11:55:59.524-0300][6,755s] GC(7) User=0,09s Sys=0,00s Real=0,07s
[2019-12-24T11:56:56.000-0300][63,231s] Heap
[2019-12-24T11:56:56.000-0300][63,231s]  par new generation   total 109248K, used 59930K [0x00000000e0000000, 0x00000000e8000000, 0x00000000e8000000)
[2019-12-24T11:56:56.000-0300][63,231s]   eden space 87424K,  43% used [0x00000000e0000000, 0x00000000e2536808, 0x00000000e5560000)
[2019-12-24T11:56:56.000-0300][63,231s]   from space 21824K, 100% used [0x00000000e6ab0000, 0x00000000e8000000, 0x00000000e8000000)
[2019-12-24T11:56:56.000-0300][63,231s]   to   space 21824K,   0% used [0x00000000e5560000, 0x00000000e5560000, 0x00000000e6ab0000)
[2019-12-24T11:56:56.000-0300][63,231s]  concurrent mark-sweep generation total 393216K, used 1422K [0x00000000e8000000, 0x0000000100000000, 0x0000000100000000)
[2019-12-24T11:56:56.000-0300][63,231s]  Metaspace       used 43033K, capacity 44039K, committed 44248K, reserved 1087488K
[2019-12-24T11:56:56.000-0300][63,231s]   class space    used 5196K, capacity 5614K, committed 5732K, reserved 1048576K
