[2019-12-24T12:37:02.055-0300][0.006s] Using Concurrent Mark Sweep
[2019-12-24T12:37:02.055-0300][0.006s] Heap address: 0x00000000e0000000, size: 512 MB, Compressed Oops mode: 32-bit
[2019-12-24T12:37:03.462-0300][1,414s] GC(0) Pause Young (Allocation Failure)
[2019-12-24T12:37:03.463-0300][1,414s] GC(0) Using 4 workers of 4 for evacuation
[2019-12-24T12:37:03.473-0300][1,424s] GC(0) ParNew: 87424K->9552K(109248K)
[2019-12-24T12:37:03.473-0300][1,424s] GC(0) CMS: 0K->0K(393216K)
[2019-12-24T12:37:03.473-0300][1,424s] GC(0) Metaspace: 14079K->14079K(1062912K)
[2019-12-24T12:37:03.473-0300][1,424s] GC(0) Pause Young (Allocation Failure) 85M->9M(490M) 10,714ms
[2019-12-24T12:37:03.473-0300][1,424s] GC(0) User=0,04s Sys=0,01s Real=0,01s
[2019-12-24T12:37:04.518-0300][2,469s] GC(1) Pause Young (Allocation Failure)
[2019-12-24T12:37:04.518-0300][2,469s] GC(1) Using 4 workers of 4 for evacuation
[2019-12-24T12:37:04.529-0300][2,480s] GC(1) ParNew: 96976K->15062K(109248K)
[2019-12-24T12:37:04.529-0300][2,480s] GC(1) CMS: 0K->0K(393216K)
[2019-12-24T12:37:04.529-0300][2,480s] GC(1) Metaspace: 22195K->22195K(1069056K)
[2019-12-24T12:37:04.529-0300][2,480s] GC(1) Pause Young (Allocation Failure) 94M->14M(490M) 11,484ms
[2019-12-24T12:37:04.529-0300][2,480s] GC(1) User=0,04s Sys=0,00s Real=0,01s
[2019-12-24T12:37:04.530-0300][2,481s] GC(2) Pause Initial Mark
[2019-12-24T12:37:04.533-0300][2,484s] GC(2) Pause Initial Mark 16M->16M(490M) 3,220ms
[2019-12-24T12:37:04.533-0300][2,484s] GC(2) User=0,01s Sys=0,00s Real=0,00s
[2019-12-24T12:37:04.533-0300][2,484s] GC(2) Concurrent Mark
[2019-12-24T12:37:04.533-0300][2,484s] GC(2) Using 4 workers of 4 for marking
[2019-12-24T12:37:04.535-0300][2,486s] GC(2) Concurrent Mark 2,175ms
[2019-12-24T12:37:04.535-0300][2,486s] GC(2) User=0,00s Sys=0,01s Real=0,01s
[2019-12-24T12:37:04.535-0300][2,487s] GC(2) Concurrent Preclean
[2019-12-24T12:37:04.536-0300][2,487s] GC(2) Concurrent Preclean 0,838ms
[2019-12-24T12:37:04.536-0300][2,487s] GC(2) User=0,00s Sys=0,00s Real=0,00s
[2019-12-24T12:37:04.536-0300][2,488s] GC(2) Concurrent Abortable Preclean
[2019-12-24T12:37:05.186-0300][3,137s] GC(2) Concurrent Abortable Preclean 649,193ms
[2019-12-24T12:37:05.186-0300][3,137s] GC(2) User=1,78s Sys=0,03s Real=0,64s
[2019-12-24T12:37:05.186-0300][3,137s] GC(2) Pause Remark
[2019-12-24T12:37:05.186-0300][3,137s] GC(3) Pause Young (CMS Final Remark)
[2019-12-24T12:37:05.186-0300][3,137s] GC(3) Using 4 workers of 4 for evacuation
[2019-12-24T12:37:05.205-0300][3,156s] GC(3) ParNew: 61668K->15809K(109248K)
[2019-12-24T12:37:05.205-0300][3,156s] GC(3) CMS: 0K->0K(393216K)
[2019-12-24T12:37:05.205-0300][3,156s] GC(3) Metaspace: 25859K->25859K(1073152K)
[2019-12-24T12:37:05.205-0300][3,156s] GC(3) Pause Young (CMS Final Remark) 60M->15M(490M) 19,176ms
[2019-12-24T12:37:05.205-0300][3,156s] GC(3) User=0,05s Sys=0,00s Real=0,02s
[2019-12-24T12:37:05.215-0300][3,167s] GC(2) Pause Remark 60M->15M(490M) 29,655ms
[2019-12-24T12:37:05.215-0300][3,167s] GC(2) User=0,07s Sys=0,00s Real=0,04s
[2019-12-24T12:37:05.216-0300][3,167s] GC(2) Concurrent Sweep
[2019-12-24T12:37:05.216-0300][3,167s] GC(2) Concurrent Sweep 0,029ms
[2019-12-24T12:37:05.216-0300][3,167s] GC(2) User=0,00s Sys=0,00s Real=0,00s
[2019-12-24T12:37:05.216-0300][3,167s] GC(2) Concurrent Reset
[2019-12-24T12:37:05.219-0300][3,171s] GC(2) Concurrent Reset 3,884ms
[2019-12-24T12:37:05.220-0300][3,171s] GC(2) User=0,01s Sys=0,00s Real=0,00s
[2019-12-24T12:37:05.220-0300][3,171s] GC(2) Old: 0K->0K(393216K)
[2019-12-24T12:37:05.547-0300][3,498s] GC(4) Pause Young (Allocation Failure)
[2019-12-24T12:37:05.547-0300][3,498s] GC(4) Using 4 workers of 4 for evacuation
[2019-12-24T12:37:05.569-0300][3,520s] GC(4) ParNew: 103233K->21824K(109248K)
[2019-12-24T12:37:05.569-0300][3,520s] GC(4) CMS: 0K->0K(393216K)
[2019-12-24T12:37:05.569-0300][3,520s] GC(4) Metaspace: 28794K->28794K(1075200K)
[2019-12-24T12:37:05.569-0300][3,520s] GC(4) Pause Young (Allocation Failure) 100M->21M(490M) 22,158ms
[2019-12-24T12:37:05.569-0300][3,520s] GC(4) User=0,08s Sys=0,00s Real=0,03s
[2019-12-24T12:37:05.794-0300][3,745s] GC(5) Pause Young (Allocation Failure)
[2019-12-24T12:37:05.794-0300][3,745s] GC(5) Using 4 workers of 4 for evacuation
[2019-12-24T12:37:05.815-0300][3,767s] GC(5) ParNew: 109248K->21772K(109248K)
[2019-12-24T12:37:05.815-0300][3,767s] GC(5) CMS: 0K->0K(393216K)
[2019-12-24T12:37:05.815-0300][3,767s] GC(5) Metaspace: 29580K->29580K(1077248K)
[2019-12-24T12:37:05.815-0300][3,767s] GC(5) Pause Young (Allocation Failure) 106M->21M(490M) 21,781ms
[2019-12-24T12:37:05.815-0300][3,767s] GC(5) User=0,07s Sys=0,00s Real=0,03s
[2019-12-24T12:37:05.948-0300][3,899s] GC(6) Pause Young (Allocation Failure)
[2019-12-24T12:37:05.948-0300][3,899s] GC(6) Using 4 workers of 4 for evacuation
[2019-12-24T12:37:05.982-0300][3,934s] GC(6) ParNew: 109196K->21824K(109248K)
[2019-12-24T12:37:05.982-0300][3,934s] GC(6) CMS: 0K->0K(393216K)
[2019-12-24T12:37:05.982-0300][3,934s] GC(6) Metaspace: 29725K->29725K(1077248K)
[2019-12-24T12:37:05.982-0300][3,934s] GC(6) Pause Young (Allocation Failure) 106M->21M(490M) 34,202ms
[2019-12-24T12:37:05.982-0300][3,934s] GC(6) User=0,06s Sys=0,00s Real=0,03s
[2019-12-24T12:37:06.284-0300][4,235s] GC(7) Pause Young (Allocation Failure)
[2019-12-24T12:37:06.284-0300][4,235s] GC(7) Using 4 workers of 4 for evacuation
[2019-12-24T12:37:06.319-0300][4,271s] GC(7) ParNew: 109248K->21824K(109248K)
[2019-12-24T12:37:06.319-0300][4,271s] GC(7) CMS: 0K->386K(393216K)
[2019-12-24T12:37:06.319-0300][4,271s] GC(7) Metaspace: 30590K->30590K(1077248K)
[2019-12-24T12:37:06.319-0300][4,271s] GC(7) Pause Young (Allocation Failure) 106M->21M(490M) 35,396ms
[2019-12-24T12:37:06.320-0300][4,271s] GC(7) User=0,07s Sys=0,00s Real=0,04s
[2019-12-24T12:37:07.655-0300][5,606s] GC(8) Pause Young (Allocation Failure)
[2019-12-24T12:37:07.655-0300][5,606s] GC(8) Using 4 workers of 4 for evacuation
[2019-12-24T12:37:07.707-0300][5,659s] GC(8) ParNew: 109248K->21824K(109248K)
[2019-12-24T12:37:07.707-0300][5,659s] GC(8) CMS: 386K->2903K(393216K)
[2019-12-24T12:37:07.708-0300][5,659s] GC(8) Metaspace: 33418K->33418K(1079296K)
[2019-12-24T12:37:07.708-0300][5,659s] GC(8) Pause Young (Allocation Failure) 107M->24M(490M) 52,492ms
[2019-12-24T12:37:07.708-0300][5,659s] GC(8) User=0,10s Sys=0,00s Real=0,06s
[2019-12-24T12:37:08.487-0300][6,439s] GC(9) Pause Young (Allocation Failure)
[2019-12-24T12:37:08.488-0300][6,439s] GC(9) Using 4 workers of 4 for evacuation
[2019-12-24T12:37:08.552-0300][6,503s] GC(9) ParNew: 109248K->18065K(109248K)
[2019-12-24T12:37:08.552-0300][6,503s] GC(9) CMS: 2903K->11369K(393216K)
[2019-12-24T12:37:08.552-0300][6,503s] GC(9) Metaspace: 36694K->36694K(1083392K)
[2019-12-24T12:37:08.552-0300][6,503s] GC(9) Pause Young (Allocation Failure) 109M->28M(490M) 64,103ms
[2019-12-24T12:37:08.552-0300][6,503s] GC(9) User=0,07s Sys=0,01s Real=0,06s
[2019-12-24T12:38:07.903-0300][65,855s] GC(10) Pause Young (Allocation Failure)
[2019-12-24T12:38:07.903-0300][65,855s] GC(10) Using 4 workers of 4 for evacuation
[2019-12-24T12:38:08.017-0300][65,968s] GC(10) ParNew: 105489K->21824K(109248K)
[2019-12-24T12:38:08.017-0300][65,968s] GC(10) CMS: 11369K->14004K(393216K)
[2019-12-24T12:38:08.017-0300][65,968s] GC(10) Metaspace: 43891K->43891K(1089536K)
[2019-12-24T12:38:08.017-0300][65,968s] GC(10) Pause Young (Allocation Failure) 114M->34M(490M) 113,166ms
[2019-12-24T12:38:08.017-0300][65,968s] GC(10) User=0,15s Sys=0,01s Real=0,12s
[2019-12-24T12:38:08.029-0300][65,981s] GC(11) Pause Initial Mark
[2019-12-24T12:38:08.044-0300][65,995s] GC(11) Pause Initial Mark 35M->35M(490M) 14,378ms
[2019-12-24T12:38:08.044-0300][65,995s] GC(11) User=0,03s Sys=0,00s Real=0,01s
[2019-12-24T12:38:08.044-0300][65,995s] GC(11) Concurrent Mark
[2019-12-24T12:38:08.044-0300][65,995s] GC(11) Using 4 workers of 4 for marking
[2019-12-24T12:38:08.071-0300][66,022s] GC(11) Concurrent Mark 27,419ms
[2019-12-24T12:38:08.071-0300][66,022s] GC(11) User=0,04s Sys=0,00s Real=0,03s
[2019-12-24T12:38:08.071-0300][66,022s] GC(11) Concurrent Preclean
[2019-12-24T12:38:08.073-0300][66,024s] GC(11) Concurrent Preclean 1,414ms
[2019-12-24T12:38:08.073-0300][66,024s] GC(11) User=0,01s Sys=0,00s Real=0,00s
[2019-12-24T12:38:08.073-0300][66,024s] GC(11) Pause Remark
[2019-12-24T12:38:08.073-0300][66,024s] GC(12) Pause Young (CMS Final Remark)
[2019-12-24T12:38:08.073-0300][66,024s] GC(12) Using 4 workers of 4 for evacuation
[2019-12-24T12:38:08.137-0300][66,088s] GC(12) ParNew: 22700K->21824K(109248K)
[2019-12-24T12:38:08.137-0300][66,088s] GC(12) CMS: 14004K->15292K(393216K)
[2019-12-24T12:38:08.137-0300][66,088s] GC(12) Metaspace: 44011K->44011K(1089536K)
[2019-12-24T12:38:08.137-0300][66,088s] GC(12) Pause Young (CMS Final Remark) 35M->36M(490M) 63,986ms
[2019-12-24T12:38:08.137-0300][66,088s] GC(12) User=0,09s Sys=0,00s Real=0,07s
[2019-12-24T12:38:08.183-0300][66,134s] GC(11) Pause Remark 35M->36M(490M) 109,854ms
[2019-12-24T12:38:08.183-0300][66,134s] GC(11) User=0,16s Sys=0,00s Real=0,11s
[2019-12-24T12:38:08.207-0300][66,158s] GC(11) Concurrent Sweep
[2019-12-24T12:38:08.216-0300][66,167s] GC(11) Concurrent Sweep 8,152ms
[2019-12-24T12:38:08.216-0300][66,167s] GC(11) User=0,01s Sys=0,00s Real=0,01s
[2019-12-24T12:38:08.216-0300][66,167s] GC(11) Concurrent Reset
[2019-12-24T12:38:08.216-0300][66,167s] GC(11) Concurrent Reset 0,455ms
[2019-12-24T12:38:08.216-0300][66,167s] GC(11) User=0,00s Sys=0,00s Real=0,00s
[2019-12-24T12:38:08.216-0300][66,167s] GC(11) Old: 14004K->15250K(393216K)
[2019-12-24T12:38:09.495-0300][67,446s] GC(13) Pause Young (Allocation Failure)
[2019-12-24T12:38:09.495-0300][67,446s] GC(13) Using 4 workers of 4 for evacuation
[2019-12-24T12:38:09.561-0300][67,512s] GC(13) ParNew: 109248K->21824K(109248K)
[2019-12-24T12:38:09.561-0300][67,512s] GC(13) CMS: 15250K->17122K(393216K)
[2019-12-24T12:38:09.561-0300][67,512s] GC(13) Metaspace: 44685K->44685K(1089536K)
[2019-12-24T12:38:09.561-0300][67,512s] GC(13) Pause Young (Allocation Failure) 121M->38M(490M) 66,348ms
[2019-12-24T12:38:09.561-0300][67,512s] GC(13) User=0,07s Sys=0,00s Real=0,07s
[2019-12-24T12:38:09.964-0300][67,915s] GC(14) Pause Young (Allocation Failure)
[2019-12-24T12:38:09.964-0300][67,915s] GC(14) Using 4 workers of 4 for evacuation
[2019-12-24T12:38:10.028-0300][67,979s] GC(14) ParNew: 109248K->21824K(109248K)
[2019-12-24T12:38:10.028-0300][67,979s] GC(14) CMS: 17122K->18165K(393216K)
[2019-12-24T12:38:10.028-0300][67,979s] GC(14) Metaspace: 44702K->44702K(1089536K)
[2019-12-24T12:38:10.028-0300][67,979s] GC(14) Pause Young (Allocation Failure) 123M->39M(490M) 64,091ms
[2019-12-24T12:38:10.028-0300][67,979s] GC(14) User=0,06s Sys=0,00s Real=0,07s
[2019-12-24T12:38:25.141-0300][83,092s] GC(15) Pause Young (Allocation Failure)
[2019-12-24T12:38:25.141-0300][83,092s] GC(15) Using 4 workers of 4 for evacuation
[2019-12-24T12:38:25.279-0300][83,230s] GC(15) ParNew: 109012K->21824K(109248K)
[2019-12-24T12:38:25.279-0300][83,230s] GC(15) CMS: 18165K->48659K(393216K)
[2019-12-24T12:38:25.279-0300][83,230s] GC(15) Metaspace: 46508K->46508K(1091584K)
[2019-12-24T12:38:25.279-0300][83,230s] GC(15) Pause Young (Allocation Failure) 124M->68M(490M) 137,946ms
[2019-12-24T12:38:25.279-0300][83,230s] GC(15) User=0,12s Sys=0,01s Real=0,14s
[2019-12-24T12:38:27.401-0300][85,352s] GC(16) Pause Young (Allocation Failure)
[2019-12-24T12:38:27.401-0300][85,352s] GC(16) Using 4 workers of 4 for evacuation
[2019-12-24T12:38:27.511-0300][85,463s] GC(16) ParNew: 109248K->21824K(109248K)
[2019-12-24T12:38:27.512-0300][85,463s] GC(16) CMS: 48659K->62265K(393216K)
[2019-12-24T12:38:27.512-0300][85,463s] GC(16) Metaspace: 47031K->47031K(1091584K)
[2019-12-24T12:38:27.512-0300][85,463s] GC(16) Pause Young (Allocation Failure) 154M->82M(490M) 110,768ms
[2019-12-24T12:38:27.512-0300][85,463s] GC(16) User=0,14s Sys=0,01s Real=0,11s
[2019-12-24T12:38:28.829-0300][86,780s] GC(17) Pause Young (Allocation Failure)
[2019-12-24T12:38:28.829-0300][86,780s] GC(17) Using 4 workers of 4 for evacuation
[2019-12-24T12:38:28.900-0300][86,851s] GC(17) ParNew: 109248K->21824K(109248K)
[2019-12-24T12:38:28.900-0300][86,851s] GC(17) CMS: 62265K->73246K(393216K)
[2019-12-24T12:38:28.900-0300][86,851s] GC(17) Metaspace: 47297K->47297K(1091584K)
[2019-12-24T12:38:28.900-0300][86,851s] GC(17) Pause Young (Allocation Failure) 167M->92M(490M) 71,459ms
[2019-12-24T12:38:28.900-0300][86,851s] GC(17) User=0,09s Sys=0,01s Real=0,07s
[2019-12-24T12:38:30.762-0300][88,713s] GC(18) Pause Young (Allocation Failure)
[2019-12-24T12:38:30.762-0300][88,714s] GC(18) Using 4 workers of 4 for evacuation
[2019-12-24T12:38:30.829-0300][88,780s] GC(18) ParNew: 109248K->21824K(109248K)
[2019-12-24T12:38:30.829-0300][88,780s] GC(18) CMS: 73246K->79921K(393216K)
[2019-12-24T12:38:30.829-0300][88,780s] GC(18) Metaspace: 48168K->48168K(1093632K)
[2019-12-24T12:38:30.829-0300][88,780s] GC(18) Pause Young (Allocation Failure) 178M->99M(490M) 66,713ms
[2019-12-24T12:38:30.829-0300][88,780s] GC(18) User=0,12s Sys=0,01s Real=0,07s
[2019-12-24T12:38:31.381-0300][89,333s] GC(19) Pause Young (Allocation Failure)
[2019-12-24T12:38:31.381-0300][89,333s] GC(19) Using 4 workers of 4 for evacuation
[2019-12-24T12:38:31.389-0300][89,340s] GC(19) ParNew: 108891K->21824K(109248K)
[2019-12-24T12:38:31.389-0300][89,340s] GC(19) CMS: 79921K->83063K(393216K)
[2019-12-24T12:38:31.389-0300][89,340s] GC(19) Metaspace: 48306K->48306K(1093632K)
[2019-12-24T12:38:31.389-0300][89,340s] GC(19) Pause Young (Allocation Failure) 184M->102M(490M) 7,659ms
[2019-12-24T12:38:31.389-0300][89,340s] GC(19) User=0,02s Sys=0,01s Real=0,01s
[2019-12-24T12:38:31.901-0300][89,852s] GC(20) Pause Young (Allocation Failure)
[2019-12-24T12:38:31.901-0300][89,852s] GC(20) Using 4 workers of 4 for evacuation
[2019-12-24T12:38:31.917-0300][89,868s] GC(20) ParNew: 109248K->17070K(109248K)
[2019-12-24T12:38:31.917-0300][89,869s] GC(20) CMS: 83063K->83063K(393216K)
[2019-12-24T12:38:31.917-0300][89,869s] GC(20) Metaspace: 48355K->48355K(1093632K)
[2019-12-24T12:38:31.917-0300][89,869s] GC(20) Pause Young (Allocation Failure) 187M->97M(490M) 16,419ms
[2019-12-24T12:38:31.917-0300][89,869s] GC(20) User=0,03s Sys=0,00s Real=0,02s
[2019-12-24T12:38:32.437-0300][90,389s] GC(21) Pause Young (Allocation Failure)
[2019-12-24T12:38:32.438-0300][90,389s] GC(21) Using 4 workers of 4 for evacuation
[2019-12-24T12:38:32.451-0300][90,403s] GC(21) ParNew: 104486K->17770K(109248K)
[2019-12-24T12:38:32.451-0300][90,403s] GC(21) CMS: 83063K->83063K(393216K)
[2019-12-24T12:38:32.451-0300][90,403s] GC(21) Metaspace: 48602K->48602K(1093632K)
[2019-12-24T12:38:32.451-0300][90,403s] GC(21) Pause Young (Allocation Failure) 183M->98M(490M) 13,981ms
[2019-12-24T12:38:32.452-0300][90,403s] GC(21) User=0,02s Sys=0,00s Real=0,01s
[2019-12-24T12:38:33.736-0300][91,687s] GC(22) Pause Young (Allocation Failure)
[2019-12-24T12:38:33.736-0300][91,687s] GC(22) Using 4 workers of 4 for evacuation
[2019-12-24T12:38:33.766-0300][91,717s] GC(22) ParNew: 105173K->19760K(109248K)
[2019-12-24T12:38:33.766-0300][91,717s] GC(22) CMS: 83063K->83063K(393216K)
[2019-12-24T12:38:33.766-0300][91,717s] GC(22) Metaspace: 48899K->48899K(1093632K)
[2019-12-24T12:38:33.766-0300][91,717s] GC(22) Pause Young (Allocation Failure) 183M->100M(490M) 29,968ms
[2019-12-24T12:38:33.766-0300][91,717s] GC(22) User=0,05s Sys=0,00s Real=0,02s
[2019-12-24T12:38:41.079-0300][99,031s] GC(23) Pause Young (Allocation Failure)
[2019-12-24T12:38:41.079-0300][99,031s] GC(23) Using 4 workers of 4 for evacuation
[2019-12-24T12:38:41.093-0300][99,044s] GC(23) ParNew: 107184K->21824K(109248K)
[2019-12-24T12:38:41.093-0300][99,044s] GC(23) CMS: 83063K->83716K(393216K)
[2019-12-24T12:38:41.093-0300][99,044s] GC(23) Metaspace: 49209K->49209K(1093632K)
[2019-12-24T12:38:41.093-0300][99,044s] GC(23) Pause Young (Allocation Failure) 185M->103M(490M) 13,626ms
[2019-12-24T12:38:41.093-0300][99,044s] GC(23) User=0,04s Sys=0,00s Real=0,01s
[2019-12-24T12:38:41.830-0300][99,781s] GC(24) Pause Young (Allocation Failure)
[2019-12-24T12:38:41.830-0300][99,781s] GC(24) Using 4 workers of 4 for evacuation
[2019-12-24T12:38:41.855-0300][99,807s] GC(24) ParNew: 109248K->21824K(109248K)
[2019-12-24T12:38:41.855-0300][99,807s] GC(24) CMS: 83716K->86269K(393216K)
[2019-12-24T12:38:41.855-0300][99,807s] GC(24) Metaspace: 49894K->49894K(1093632K)
[2019-12-24T12:38:41.856-0300][99,807s] GC(24) Pause Young (Allocation Failure) 188M->105M(490M) 25,332ms
[2019-12-24T12:38:41.856-0300][99,807s] GC(24) User=0,05s Sys=0,00s Real=0,03s
[2019-12-24T12:38:42.449-0300][100,400s] GC(25) Pause Young (Allocation Failure)
[2019-12-24T12:38:42.449-0300][100,400s] GC(25) Using 4 workers of 4 for evacuation
[2019-12-24T12:38:42.482-0300][100,433s] GC(25) ParNew: 109248K->18967K(109248K)
[2019-12-24T12:38:42.482-0300][100,433s] GC(25) CMS: 86269K->90169K(393216K)
[2019-12-24T12:38:42.482-0300][100,433s] GC(25) Metaspace: 49945K->49945K(1093632K)
[2019-12-24T12:38:42.482-0300][100,433s] GC(25) Pause Young (Allocation Failure) 190M->106M(490M) 33,016ms
[2019-12-24T12:38:42.482-0300][100,433s] GC(25) User=0,07s Sys=0,01s Real=0,03s
[2019-12-24T12:39:49.220-0300][167,171s] GC(26) Pause Young (Allocation Failure)
[2019-12-24T12:39:49.220-0300][167,171s] GC(26) Using 4 workers of 4 for evacuation
[2019-12-24T12:39:49.241-0300][167,192s] GC(26) ParNew: 106391K->13738K(109248K)
[2019-12-24T12:39:49.241-0300][167,192s] GC(26) CMS: 90169K->93180K(393216K)
[2019-12-24T12:39:49.241-0300][167,192s] GC(26) Metaspace: 50077K->50077K(1095680K)
[2019-12-24T12:39:49.241-0300][167,192s] GC(26) Pause Young (Allocation Failure) 191M->104M(490M) 21,344ms
[2019-12-24T12:39:49.241-0300][167,192s] GC(26) User=0,04s Sys=0,00s Real=0,02s
[2019-12-24T12:39:49.335-0300][167,286s] GC(27) Pause Young (Allocation Failure)
[2019-12-24T12:39:49.335-0300][167,286s] GC(27) Using 4 workers of 4 for evacuation
[2019-12-24T12:39:49.349-0300][167,300s] GC(27) ParNew: 101162K->19665K(109248K)
[2019-12-24T12:39:49.349-0300][167,300s] GC(27) CMS: 93180K->93256K(393216K)
[2019-12-24T12:39:49.349-0300][167,300s] GC(27) Metaspace: 50103K->50103K(1095680K)
[2019-12-24T12:39:49.349-0300][167,300s] GC(27) Pause Young (Allocation Failure) 189M->110M(490M) 13,720ms
[2019-12-24T12:39:49.349-0300][167,300s] GC(27) User=0,05s Sys=0,00s Real=0,02s
[2019-12-24T12:41:28.618-0300][266,569s] GC(28) Pause Young (Allocation Failure)
[2019-12-24T12:41:28.618-0300][266,569s] GC(28) Using 4 workers of 4 for evacuation
[2019-12-24T12:41:28.632-0300][266,583s] GC(28) ParNew: 107089K->21824K(109248K)
[2019-12-24T12:41:28.632-0300][266,583s] GC(28) CMS: 93256K->93459K(393216K)
[2019-12-24T12:41:28.632-0300][266,583s] GC(28) Metaspace: 50485K->50485K(1095680K)
[2019-12-24T12:41:28.632-0300][266,583s] GC(28) Pause Young (Allocation Failure) 195M->112M(490M) 13,956ms
[2019-12-24T12:41:28.632-0300][266,583s] GC(28) User=0,04s Sys=0,00s Real=0,01s
[2019-12-24T12:42:25.676-0300][323,628s] GC(29) Pause Young (Allocation Failure)
[2019-12-24T12:42:25.676-0300][323,628s] GC(29) Using 4 workers of 4 for evacuation
[2019-12-24T12:42:25.687-0300][323,638s] GC(29) ParNew: 109248K->21824K(109248K)
[2019-12-24T12:42:25.687-0300][323,638s] GC(29) CMS: 93459K->95419K(393216K)
[2019-12-24T12:42:25.687-0300][323,638s] GC(29) Metaspace: 50566K->50566K(1095680K)
[2019-12-24T12:42:25.687-0300][323,638s] GC(29) Pause Young (Allocation Failure) 197M->114M(490M) 10,271ms
[2019-12-24T12:42:25.687-0300][323,638s] GC(29) User=0,03s Sys=0,00s Real=0,00s
[2019-12-24T12:43:31.134-0300][389,085s] GC(30) Pause Young (Allocation Failure)
[2019-12-24T12:43:31.134-0300][389,085s] GC(30) Using 4 workers of 4 for evacuation
[2019-12-24T12:43:31.145-0300][389,096s] GC(30) ParNew: 109248K->21824K(109248K)
[2019-12-24T12:43:31.145-0300][389,096s] GC(30) CMS: 95419K->101198K(393216K)
[2019-12-24T12:43:31.145-0300][389,096s] GC(30) Metaspace: 50600K->50600K(1095680K)
[2019-12-24T12:43:31.145-0300][389,096s] GC(30) Pause Young (Allocation Failure) 199M->120M(490M) 10,829ms
[2019-12-24T12:43:31.145-0300][389,096s] GC(30) User=0,04s Sys=0,00s Real=0,01s
[2019-12-24T12:43:38.022-0300][395,973s] GC(31) Pause Young (Allocation Failure)
[2019-12-24T12:43:38.022-0300][395,973s] GC(31) Using 4 workers of 4 for evacuation
[2019-12-24T12:43:38.036-0300][395,987s] GC(31) ParNew: 109248K->21824K(109248K)
[2019-12-24T12:43:38.036-0300][395,987s] GC(31) CMS: 101198K->103100K(393216K)
[2019-12-24T12:43:38.036-0300][395,987s] GC(31) Metaspace: 50623K->50623K(1095680K)
[2019-12-24T12:43:38.036-0300][395,987s] GC(31) Pause Young (Allocation Failure) 205M->121M(490M) 14,088ms
[2019-12-24T12:43:38.036-0300][395,987s] GC(31) User=0,06s Sys=0,00s Real=0,02s
[2019-12-24T13:09:16.490-0300][1934,441s] Heap
[2019-12-24T13:09:16.491-0300][1934,442s]  par new generation   total 109248K, used 89205K [0x00000000e0000000, 0x00000000e8000000, 0x00000000e8000000)
[2019-12-24T13:09:16.491-0300][1934,442s]   eden space 87424K,  77% used [0x00000000e0000000, 0x00000000e41cd648, 0x00000000e5560000)
[2019-12-24T13:09:16.491-0300][1934,442s]   from space 21824K, 100% used [0x00000000e5560000, 0x00000000e6ab0000, 0x00000000e6ab0000)
[2019-12-24T13:09:16.491-0300][1934,442s]   to   space 21824K,   0% used [0x00000000e6ab0000, 0x00000000e6ab0000, 0x00000000e8000000)
[2019-12-24T13:09:16.491-0300][1934,442s]  concurrent mark-sweep generation total 393216K, used 103100K [0x00000000e8000000, 0x0000000100000000, 0x0000000100000000)
[2019-12-24T13:09:16.491-0300][1934,442s]  Metaspace       used 51531K, capacity 52968K, committed 53052K, reserved 1095680K
[2019-12-24T13:09:16.491-0300][1934,442s]   class space    used 5870K, capacity 6428K, committed 6476K, reserved 1048576K
