[2019-12-24T10:25:52.800-0300][0.005s] Using Concurrent Mark Sweep
[2019-12-24T10:25:52.800-0300][0.005s] Heap address: 0x00000000e0000000, size: 512 MB, Compressed Oops mode: 32-bit
[2019-12-24T10:25:54.253-0300][1,458s] GC(0) Pause Young (Allocation Failure)
[2019-12-24T10:25:54.253-0300][1,458s] GC(0) Using 4 workers of 4 for evacuation
[2019-12-24T10:25:54.265-0300][1,470s] GC(0) ParNew: 87424K->9549K(109248K)
[2019-12-24T10:25:54.265-0300][1,470s] GC(0) CMS: 0K->0K(393216K)
[2019-12-24T10:25:54.265-0300][1,470s] GC(0) Metaspace: 14089K->14089K(1062912K)
[2019-12-24T10:25:54.265-0300][1,470s] GC(0) Pause Young (Allocation Failure) 85M->9M(490M) 11,925ms
[2019-12-24T10:25:54.265-0300][1,470s] GC(0) User=0,04s Sys=0,00s Real=0,01s
[2019-12-24T10:25:55.429-0300][2,634s] GC(1) Pause Young (Allocation Failure)
[2019-12-24T10:25:55.429-0300][2,634s] GC(1) Using 4 workers of 4 for evacuation
[2019-12-24T10:25:55.452-0300][2,657s] GC(1) ParNew: 96973K->15167K(109248K)
[2019-12-24T10:25:55.452-0300][2,657s] GC(1) CMS: 0K->0K(393216K)
[2019-12-24T10:25:55.452-0300][2,657s] GC(1) Metaspace: 21752K->21752K(1069056K)
[2019-12-24T10:25:55.452-0300][2,657s] GC(1) Pause Young (Allocation Failure) 94M->14M(490M) 23,069ms
[2019-12-24T10:25:55.452-0300][2,657s] GC(1) User=0,08s Sys=0,00s Real=0,03s
[2019-12-24T10:25:55.455-0300][2,660s] GC(2) Pause Initial Mark
[2019-12-24T10:25:55.458-0300][2,663s] GC(2) Pause Initial Mark 16M->16M(490M) 3,181ms
[2019-12-24T10:25:55.458-0300][2,663s] GC(2) User=0,01s Sys=0,00s Real=0,00s
[2019-12-24T10:25:55.458-0300][2,663s] GC(2) Concurrent Mark
[2019-12-24T10:25:55.458-0300][2,663s] GC(2) Using 4 workers of 4 for marking
[2019-12-24T10:25:55.474-0300][2,679s] GC(2) Concurrent Mark 16,350ms
[2019-12-24T10:25:55.474-0300][2,679s] GC(2) User=0,05s Sys=0,00s Real=0,02s
[2019-12-24T10:25:55.474-0300][2,679s] GC(2) Concurrent Preclean
[2019-12-24T10:25:55.476-0300][2,680s] GC(2) Concurrent Preclean 1,075ms
[2019-12-24T10:25:55.476-0300][2,680s] GC(2) User=0,00s Sys=0,00s Real=0,00s
[2019-12-24T10:25:55.476-0300][2,680s] GC(2) Concurrent Abortable Preclean
[2019-12-24T10:25:56.214-0300][3,419s] GC(2) Concurrent Abortable Preclean 738,476ms
[2019-12-24T10:25:56.214-0300][3,419s] GC(2) User=1,89s Sys=0,03s Real=0,74s
[2019-12-24T10:25:56.214-0300][3,419s] GC(2) Pause Remark
[2019-12-24T10:25:56.214-0300][3,419s] GC(3) Pause Young (CMS Final Remark)
[2019-12-24T10:25:56.214-0300][3,419s] GC(3) Using 4 workers of 4 for evacuation
[2019-12-24T10:25:56.230-0300][3,435s] GC(3) ParNew: 62275K->18012K(109248K)
[2019-12-24T10:25:56.230-0300][3,435s] GC(3) CMS: 0K->0K(393216K)
[2019-12-24T10:25:56.230-0300][3,435s] GC(3) Metaspace: 26022K->26022K(1073152K)
[2019-12-24T10:25:56.230-0300][3,435s] GC(3) Pause Young (CMS Final Remark) 60M->17M(490M) 16,270ms
[2019-12-24T10:25:56.230-0300][3,435s] GC(3) User=0,06s Sys=0,00s Real=0,01s
[2019-12-24T10:25:56.239-0300][3,444s] GC(2) Pause Remark 60M->17M(490M) 25,148ms
[2019-12-24T10:25:56.239-0300][3,444s] GC(2) User=0,07s Sys=0,00s Real=0,02s
[2019-12-24T10:25:56.239-0300][3,444s] GC(2) Concurrent Sweep
[2019-12-24T10:25:56.239-0300][3,444s] GC(2) Concurrent Sweep 0,038ms
[2019-12-24T10:25:56.239-0300][3,444s] GC(2) User=0,00s Sys=0,00s Real=0,00s
[2019-12-24T10:25:56.239-0300][3,444s] GC(2) Concurrent Reset
[2019-12-24T10:25:56.244-0300][3,449s] GC(2) Concurrent Reset 4,407ms
[2019-12-24T10:25:56.244-0300][3,449s] GC(2) User=0,01s Sys=0,01s Real=0,00s
[2019-12-24T10:25:56.244-0300][3,449s] GC(2) Old: 0K->0K(393216K)
[2019-12-24T10:26:46.411-0300][53,615s] Heap
[2019-12-24T10:26:46.411-0300][53,616s]  par new generation   total 109248K, used 26070K [0x00000000e0000000, 0x00000000e8000000, 0x00000000e8000000)
[2019-12-24T10:26:46.411-0300][53,616s]   eden space 87424K,   9% used [0x00000000e0000000, 0x00000000e07de838, 0x00000000e5560000)
[2019-12-24T10:26:46.411-0300][53,616s]   from space 21824K,  82% used [0x00000000e6ab0000, 0x00000000e7c47258, 0x00000000e8000000)
[2019-12-24T10:26:46.411-0300][53,616s]   to   space 21824K,   0% used [0x00000000e5560000, 0x00000000e5560000, 0x00000000e6ab0000)
[2019-12-24T10:26:46.411-0300][53,616s]  concurrent mark-sweep generation total 393216K, used 0K [0x00000000e8000000, 0x0000000100000000, 0x0000000100000000)
[2019-12-24T10:26:46.411-0300][53,616s]  Metaspace       used 26728K, capacity 27469K, committed 27760K, reserved 1073152K
[2019-12-24T10:26:46.411-0300][53,616s]   class space    used 3161K, capacity 3458K, committed 3556K, reserved 1048576K
